Archive member included to satisfy reference by file (symbol)

examples\libexamples.a(LCD_2in_test.c.obj)
                              CMakeFiles/main.dir/main.c.obj (LCD_2in_test)
examples\libexamples.a(ImageData.c.obj)
                              examples\libexamples.a(LCD_2in_test.c.obj) (gImage_2inch_1)
lib\LCD\libLCD.a(LCD_2in.c.obj)
                              examples\libexamples.a(LCD_2in_test.c.obj) (LCD_2IN_Init)
lib\GUI\libGUI.a(GUI_Paint.c.obj)
                              examples\libexamples.a(LCD_2in_test.c.obj) (Paint_NewImage)
lib\Fonts\libFonts.a(font16.c.obj)
                              examples\libexamples.a(LCD_2in_test.c.obj) (Font16)
lib\Fonts\libFonts.a(font20.c.obj)
                              examples\libexamples.a(LCD_2in_test.c.obj) (Font20)
lib\Fonts\libFonts.a(font24CN.c.obj)
                              examples\libexamples.a(LCD_2in_test.c.obj) (Font24CN)
lib\Config\libConfig.a(DEV_Config.c.obj)
                              lib\LCD\libLCD.a(LCD_2in.c.obj) (DEV_Digital_Write)
f:/program files (x86)/gnu tools arm embedded/9 2019-q4-major/bin/../lib/gcc/arm-none-eabi/9.2.1/thumb/v6-m/nofp\libgcc.a(_dvmd_tls.o)
                              CMakeFiles/main.dir/F_/Pico/pico-sdk/src/rp2_common/pico_divider/divider.S.obj (__aeabi_idiv0)
f:/program files (x86)/gnu tools arm embedded/9 2019-q4-major/bin/../lib/gcc/arm-none-eabi/9.2.1/../../../../arm-none-eabi/lib/thumb/v6-m/nofp\libc.a(lib_a-calloc.o)
                              CMakeFiles/main.dir/F_/Pico/pico-sdk/src/rp2_common/pico_malloc/pico_malloc.c.obj (calloc)
f:/program files (x86)/gnu tools arm embedded/9 2019-q4-major/bin/../lib/gcc/arm-none-eabi/9.2.1/../../../../arm-none-eabi/lib/thumb/v6-m/nofp\libc.a(lib_a-callocr.o)
                              f:/program files (x86)/gnu tools arm embedded/9 2019-q4-major/bin/../lib/gcc/arm-none-eabi/9.2.1/../../../../arm-none-eabi/lib/thumb/v6-m/nofp\libc.a(lib_a-calloc.o) (_calloc_r)
f:/program files (x86)/gnu tools arm embedded/9 2019-q4-major/bin/../lib/gcc/arm-none-eabi/9.2.1/../../../../arm-none-eabi/lib/thumb/v6-m/nofp\libc.a(lib_a-impure.o)
                              f:/program files (x86)/gnu tools arm embedded/9 2019-q4-major/bin/../lib/gcc/arm-none-eabi/9.2.1/../../../../arm-none-eabi/lib/thumb/v6-m/nofp\libc.a(lib_a-calloc.o) (_impure_ptr)
f:/program files (x86)/gnu tools arm embedded/9 2019-q4-major/bin/../lib/gcc/arm-none-eabi/9.2.1/../../../../arm-none-eabi/lib/thumb/v6-m/nofp\libc.a(lib_a-init.o)
                              f:/program files (x86)/gnu tools arm embedded/9 2019-q4-major/bin/../lib/gcc/arm-none-eabi/9.2.1/../../../../arm-none-eabi/lib/thumb/v6-m/nofp/crt0.o (__libc_init_array)
f:/program files (x86)/gnu tools arm embedded/9 2019-q4-major/bin/../lib/gcc/arm-none-eabi/9.2.1/../../../../arm-none-eabi/lib/thumb/v6-m/nofp\libc.a(lib_a-malloc.o)
                              CMakeFiles/main.dir/F_/Pico/pico-sdk/src/rp2_common/pico_malloc/pico_malloc.c.obj (malloc)
f:/program files (x86)/gnu tools arm embedded/9 2019-q4-major/bin/../lib/gcc/arm-none-eabi/9.2.1/../../../../arm-none-eabi/lib/thumb/v6-m/nofp\libc.a(lib_a-mallocr.o)
                              f:/program files (x86)/gnu tools arm embedded/9 2019-q4-major/bin/../lib/gcc/arm-none-eabi/9.2.1/../../../../arm-none-eabi/lib/thumb/v6-m/nofp\libc.a(lib_a-callocr.o) (_malloc_r)
f:/program files (x86)/gnu tools arm embedded/9 2019-q4-major/bin/../lib/gcc/arm-none-eabi/9.2.1/../../../../arm-none-eabi/lib/thumb/v6-m/nofp\libc.a(lib_a-mlock.o)
                              f:/program files (x86)/gnu tools arm embedded/9 2019-q4-major/bin/../lib/gcc/arm-none-eabi/9.2.1/../../../../arm-none-eabi/lib/thumb/v6-m/nofp\libc.a(lib_a-mallocr.o) (__malloc_lock)
f:/program files (x86)/gnu tools arm embedded/9 2019-q4-major/bin/../lib/gcc/arm-none-eabi/9.2.1/../../../../arm-none-eabi/lib/thumb/v6-m/nofp\libc.a(lib_a-sbrkr.o)
                              f:/program files (x86)/gnu tools arm embedded/9 2019-q4-major/bin/../lib/gcc/arm-none-eabi/9.2.1/../../../../arm-none-eabi/lib/thumb/v6-m/nofp\libc.a(lib_a-mallocr.o) (_sbrk_r)
f:/program files (x86)/gnu tools arm embedded/9 2019-q4-major/bin/../lib/gcc/arm-none-eabi/9.2.1/../../../../arm-none-eabi/lib/thumb/v6-m/nofp\libc.a(lib_a-strlen-stub.o)
                              CMakeFiles/main.dir/F_/Pico/pico-sdk/src/rp2_common/pico_stdio/stdio.c.obj (strlen)
f:/program files (x86)/gnu tools arm embedded/9 2019-q4-major/bin/../lib/gcc/arm-none-eabi/9.2.1/../../../../arm-none-eabi/lib/thumb/v6-m/nofp\libc.a(lib_a-freer.o)
                              f:/program files (x86)/gnu tools arm embedded/9 2019-q4-major/bin/../lib/gcc/arm-none-eabi/9.2.1/../../../../arm-none-eabi/lib/thumb/v6-m/nofp\libc.a(lib_a-malloc.o) (_free_r)
f:/program files (x86)/gnu tools arm embedded/9 2019-q4-major/bin/../lib/gcc/arm-none-eabi/9.2.1/../../../../arm-none-eabi/lib/thumb/v6-m/nofp\libc.a(lib_a-lock.o)
[...]
Memory Configuration

Name             Origin             Length             Attributes
FLASH            0x10000000         0x00200000         xr
RAM              0x20000000         0x00040000         xrw
SCRATCH_X        0x20040000         0x00001000         xrw
SCRATCH_Y        0x20041000         0x00001000         xrw
*default*        0x00000000         0xffffffff

Linker script and memory map

LOAD f:/program files (x86)/gnu tools arm embedded/9 2019-q4-major/bin/../lib/gcc/arm-none-eabi/9.2.1/thumb/v6-m/nofp/crti.o
LOAD f:/program files (x86)/gnu tools arm embedded/9 2019-q4-major/bin/../lib/gcc/arm-none-eabi/9.2.1/thumb/v6-m/nofp/crtbegin.o
LOAD f:/program files (x86)/gnu tools arm embedded/9 2019-q4-major/bin/../lib/gcc/arm-none-eabi/9.2.1/../../../../arm-none-eabi/lib/thumb/v6-m/nofp/crt0.o

.flash_begin    0x10000000        0x0
                0x10000000                __flash_binary_start = .

.boot2          0x10000000      0x100
                0x10000000                __boot2_start__ = .
 *(.boot2)
 .boot2         0x10000000      0x100 C:\Users\HUANGS~1\AppData\Local\Temp\ccV9Q7jj.o
                0x10000100                __boot2_end__ = .
                0x00000001                ASSERT (((__boot2_end__ - __boot2_start__) == 0x100), ERROR: Pico second stage bootloader must be 256 bytes in size)

.text           0x10000100     0xa458
                0x10000100                __logical_binary_start = .
 *(.vectors)
 .vectors       0x10000100       0xd4 CMakeFiles/main.dir/F_/Pico/pico-sdk/src/rp2_common/pico_standard_link/crt0.S.obj
                0x10000100                __vectors
                0x100001c0                isr_invalid
                0x100001c2                isr_nmi
                0x100001c4                isr_hardfault
                0x100001c6                isr_svcall
                0x100001c8                isr_pendsv
                0x100001ca                isr_systick
                0x100001cc                isr_irq11
                0x100001cc                isr_irq5
                0x100001cc                isr_irq23
                0x100001cc                isr_irq18
                0x100001cc                isr_irq31
                0x100001cc                isr_irq28
                0x100001cc                isr_irq19
                0x100001cc                isr_irq0
                0x100001cc                isr_irq6
                0x100001cc                isr_irq27
                0x100001cc                isr_irq12
                0x100001cc                isr_irq22
                0x100001cc                isr_irq13
                0x100001cc                isr_irq17
                0x100001cc                isr_irq14
                0x100001cc                isr_irq2
                0x100001cc                isr_irq10
                0x100001cc                isr_irq8
                0x100001cc                isr_irq24
                0x100001cc                isr_irq1
                0x100001cc                isr_irq7
                0x100001cc                isr_irq21
                0x100001cc                isr_irq20
                0x100001cc                isr_irq15
                0x100001cc                isr_irq25
                0x100001cc                __unhandled_user_irq
                0x100001cc                isr_irq4
                0x100001cc                isr_irq16
                0x100001cc                isr_irq29
                0x100001cc                isr_irq26
                0x100001cc                isr_irq3
                0x100001cc                isr_irq30
                0x100001cc                isr_irq9
                0x100001d2                unhandled_user_irq_num_in_r0
 *(.binary_info_header)
 .binary_info_header
                0x100001d4       0x14 CMakeFiles/main.dir/F_/Pico/pico-sdk/src/rp2_common/pico_standard_link/crt0.S.obj
                0x100001e8                __binary_info_header_end = .
 *(.reset)
 .reset         0x100001e8       0xa8 CMakeFiles/main.dir/F_/Pico/pico-sdk/src/rp2_common/pico_standard_link/crt0.S.obj
                0x100001e8                _entry_point
                0x10000266                __get_current_exception
 .reset         0x10000290       0x30 CMakeFiles/main.dir/F_/Pico/pico-sdk/src/rp2_common/pico_standard_link/binary_info.c.obj
 *(.init)
 .init          0x100002c0        0x4 f:/program files (x86)/gnu tools arm embedded/9 2019-q4-major/bin/../lib/gcc/arm-none-eabi/9.2.1/thumb/v6-m/nofp/crti.o
                0x100002c0                _init
 *(EXCLUDE_FILE(*libm.a: *libc.a:*lib_a-mem*.o *libgcc.a:) .text*)
 .text          0x100002c4       0x48 f:/program files (x86)/gnu tools arm embedded/9 2019-q4-major/bin/../lib/gcc/arm-none-eabi/9.2.1/thumb/v6-m/nofp/crtbegin.o
 .text.startup.main
                0x1000030c        0xc CMakeFiles/main.dir/main.c.obj
                0x1000030c                main
 .text.gpio_set_function
                0x10000318       0x30 CMakeFiles/main.dir/F_/Pico/pico-sdk/src/rp2_common/hardware_gpio/gpio.c.obj
                0x10000318                gpio_set_function
 .text.gpio_set_pulls
                0x10000348       0x30 CMakeFiles/main.dir/F_/Pico/pico-sdk/src/rp2_common/hardware_gpio/gpio.c.obj
                0x10000348                gpio_set_pulls
 .text.gpio_init
                0x10000378       0x3c CMakeFiles/main.dir/F_/Pico/pico-sdk/src/rp2_common/hardware_gpio/gpio.c.obj
                0x10000378                gpio_init
 .text.hw_claim_or_assert
                0x100003b4       0x60 CMakeFiles/main.dir/F_/Pico/pico-sdk/src/rp2_common/hardware_claim/claim.c.obj
                0x100003b4                hw_claim_or_assert
 .text.hw_claim_unused_from_range
                0x10000414       0x9c CMakeFiles/main.dir/F_/Pico/pico-sdk/src/rp2_common/hardware_claim/claim.c.obj
                0x10000414                hw_claim_unused_from_range
 .text.spin_locks_reset
                0x100004b0       0x1c CMakeFiles/main.dir/F_/Pico/pico-sdk/src/rp2_common/hardware_sync/sync.c.obj
                0x100004b0                spin_locks_reset
 .text.next_striped_spin_lock_num
                0x100004cc       0x18 CMakeFiles/main.dir/F_/Pico/pico-sdk/src/rp2_common/hardware_sync/sync.c.obj
                0x100004cc                next_striped_spin_lock_num
 .text.spin_lock_claim_unused
                0x100004e4       0x20 CMakeFiles/main.dir/F_/Pico/pico-sdk/src/rp2_common/hardware_sync/sync.c.obj
                0x100004e4                spin_lock_claim_unused
 .text.running_on_fpga
                0x10000504       0x10 CMakeFiles/main.dir/F_/Pico/pico-sdk/src/rp2_common/pico_platform/platform.c.obj
                0x10000504                running_on_fpga
 .text.uart_init
                0x10000514       0xe4 CMakeFiles/main.dir/F_/Pico/pico-sdk/src/rp2_common/hardware_uart/uart.c.obj
                0x10000514                uart_init
 .text.timer_pool_entry_comparator
                0x100005f8       0x34 CMakeFiles/main.dir/F_/Pico/pico-sdk/src/common/pico_time/time.c.obj
                0x100005f8                timer_pool_entry_comparator
 .text.sev_callback
                0x1000062c        0x8 CMakeFiles/main.dir/F_/Pico/pico-sdk/src/common/pico_time/time.c.obj
 .text.alarm_pool_add_alarm_at.constprop.0
                0x10000634      0x128 CMakeFiles/main.dir/F_/Pico/pico-sdk/src/common/pico_time/time.c.obj
 .text.add_alarm_under_lock
                0x1000075c      0x108 CMakeFiles/main.dir/F_/Pico/pico-sdk/src/common/pico_time/time.c.obj
 .text.alarm_pool_alarm_callback
                0x10000864      0x1b0 CMakeFiles/main.dir/F_/Pico/pico-sdk/src/common/pico_time/time.c.obj
 .text.alarm_pool_init_default
                0x10000a14       0x58 CMakeFiles/main.dir/F_/Pico/pico-sdk/src/common/pico_time/time.c.obj
                0x10000a14                alarm_pool_init_default
 .text.alarm_pool_get_default
                0x10000a6c        0x8 CMakeFiles/main.dir/F_/Pico/pico-sdk/src/common/pico_time/time.c.obj
                0x10000a6c                alarm_pool_get_default
 .text.alarm_pool_add_alarm_at
                0x10000a74      0x1a4 CMakeFiles/main.dir/F_/Pico/pico-sdk/src/common/pico_time/time.c.obj
                0x10000a74                alarm_pool_add_alarm_at
 .text.alarm_pool_cancel_alarm
                0x10000c18       0x70 CMakeFiles/main.dir/F_/Pico/pico-sdk/src/common/pico_time/time.c.obj
                0x10000c18                alarm_pool_cancel_alarm
 .text.sleep_ms
                0x10000c88       0xb0 CMakeFiles/main.dir/F_/Pico/pico-sdk/src/common/pico_time/time.c.obj
                0x10000c88                sleep_ms
 .text.best_effort_wfe_or_timeout
                0x10000d38      0x174 CMakeFiles/main.dir/F_/Pico/pico-sdk/src/common/pico_time/time.c.obj
                0x10000d38                best_effort_wfe_or_timeout
 .text.hardware_alarm_irq_handler
                0x10000eac       0xb8 CMakeFiles/main.dir/F_/Pico/pico-sdk/src/rp2_common/hardware_timer/timer.c.obj
 .text.hardware_alarm_claim
                0x10000f64       0x18 CMakeFiles/main.dir/F_/Pico/pico-sdk/src/rp2_common/hardware_timer/timer.c.obj
                0x10000f64                hardware_alarm_claim
 .text.time_us_64
                0x10000f7c       0x14 CMakeFiles/main.dir/F_/Pico/pico-sdk/src/rp2_common/hardware_timer/timer.c.obj
                0x10000f7c                time_us_64
 .text.busy_wait_until
                0x10000f90       0x20 CMakeFiles/main.dir/F_/Pico/pico-sdk/src/rp2_common/hardware_timer/timer.c.obj
                0x10000f90                busy_wait_until
 .text.hardware_alarm_set_callback
                0x10000fb0       0x8c CMakeFiles/main.dir/F_/Pico/pico-sdk/src/rp2_common/hardware_timer/timer.c.obj
                0x10000fb0                hardware_alarm_set_callback
 .text.hardware_alarm_set_target
                0x1000103c       0xdc CMakeFiles/main.dir/F_/Pico/pico-sdk/src/rp2_common/hardware_timer/timer.c.obj
                0x1000103c                hardware_alarm_set_target
 .text.hardware_alarm_cancel
                0x10001118       0x40 CMakeFiles/main.dir/F_/Pico/pico-sdk/src/rp2_common/hardware_timer/timer.c.obj
                0x10001118                hardware_alarm_cancel
 .text.lock_init
                0x10001158       0x10 CMakeFiles/main.dir/F_/Pico/pico-sdk/src/common/pico_sync/lock_core.c.obj
                0x10001158                lock_init
 .text.mutex_init
                0x10001168       0x1c CMakeFiles/main.dir/F_/Pico/pico-sdk/src/common/pico_sync/mutex.c.obj
                0x10001168                mutex_init
 .text.critical_section_init
                0x10001184       0x18 CMakeFiles/main.dir/F_/Pico/pico-sdk/src/common/pico_sync/critical_section.c.obj
                0x10001184                critical_section_init
 .text.ph_merge_nodes
                0x1000119c       0x68 CMakeFiles/main.dir/F_/Pico/pico-sdk/src/common/pico_util/pheap.c.obj
 .text.ph_post_alloc_init
                0x10001204       0x3c CMakeFiles/main.dir/F_/Pico/pico-sdk/src/common/pico_util/pheap.c.obj
                0x10001204                ph_post_alloc_init
 .text.ph_merge_two_pass
                0x10001240       0x90 CMakeFiles/main.dir/F_/Pico/pico-sdk/src/common/pico_util/pheap.c.obj
                0x10001240                ph_merge_two_pass
 .text.ph_remove_any_head
                0x100012d0       0xf8 CMakeFiles/main.dir/F_/Pico/pico-sdk/src/common/pico_util/pheap.c.obj
 .text.ph_remove_head
                0x100013c8      0x13c CMakeFiles/main.dir/F_/Pico/pico-sdk/src/common/pico_util/pheap.c.obj
                0x100013c8                ph_remove_head
 .text.ph_remove_and_free_node
                0x10001504       0x7c CMakeFiles/main.dir/F_/Pico/pico-sdk/src/common/pico_util/pheap.c.obj
                0x10001504                ph_remove_and_free_node
 .text.runtime_init
                0x10001580       0xec CMakeFiles/main.dir/F_/Pico/pico-sdk/src/rp2_common/pico_runtime/runtime.c.obj
                0x10001580                runtime_init
 .text._sbrk    0x1000166c       0x34 CMakeFiles/main.dir/F_/Pico/pico-sdk/src/rp2_common/pico_runtime/runtime.c.obj
                0x1000166c                _sbrk
 .text.exit     0x100016a0        0x4 CMakeFiles/main.dir/F_/Pico/pico-sdk/src/rp2_common/pico_runtime/runtime.c.obj
                0x100016a0                exit
 .text.panic    0x100016a4       0x30 CMakeFiles/main.dir/F_/Pico/pico-sdk/src/rp2_common/pico_runtime/runtime.c.obj
                0x100016a4                panic
 .text.hard_assertion_failure
                0x100016d4        0xc CMakeFiles/main.dir/F_/Pico/pico-sdk/src/rp2_common/pico_runtime/runtime.c.obj
                0x100016d4                hard_assertion_failure
 .text.clocks_init
                0x100016e0      0x2e0 CMakeFiles/main.dir/F_/Pico/pico-sdk/src/rp2_common/hardware_clocks/clocks.c.obj
                0x100016e0                clocks_init
 .text.clock_get_hz
                0x100019c0        0xc CMakeFiles/main.dir/F_/Pico/pico-sdk/src/rp2_common/hardware_clocks/clocks.c.obj
                0x100019c0                clock_get_hz
 .text.watchdog_start_tick
                0x100019cc       0x10 CMakeFiles/main.dir/F_/Pico/pico-sdk/src/rp2_common/hardware_watchdog/watchdog.c.obj
                0x100019cc                watchdog_start_tick
 .text.watchdog_reboot
                0x100019dc       0x98 CMakeFiles/main.dir/F_/Pico/pico-sdk/src/rp2_common/hardware_watchdog/watchdog.c.obj
                0x100019dc                watchdog_reboot
 .text.xosc_init
                0x10001a74       0x28 CMakeFiles/main.dir/F_/Pico/pico-sdk/src/rp2_common/hardware_xosc/xosc.c.obj
                0x10001a74                xosc_init
 .text.pll_init
                0x10001a9c       0x54 CMakeFiles/main.dir/F_/Pico/pico-sdk/src/rp2_common/hardware_pll/pll.c.obj
                0x10001a9c                pll_init
 .text.irq_set_enabled
                0x10001af0       0x24 CMakeFiles/main.dir/F_/Pico/pico-sdk/src/rp2_common/hardware_irq/irq.c.obj
                0x10001af0                irq_set_enabled
 .text.irq_set_pending
                0x10001b14       0x10 CMakeFiles/main.dir/F_/Pico/pico-sdk/src/rp2_common/hardware_irq/irq.c.obj
                0x10001b14                irq_set_pending
 .text.irq_get_vtable_handler
                0x10001b24       0x10 CMakeFiles/main.dir/F_/Pico/pico-sdk/src/rp2_common/hardware_irq/irq.c.obj
                0x10001b24                irq_get_vtable_handler
 .text.irq_set_exclusive_handler
                0x10001b34       0x54 CMakeFiles/main.dir/F_/Pico/pico-sdk/src/rp2_common/hardware_irq/irq.c.obj
                0x10001b34                irq_set_exclusive_handler
 .text.irq_remove_handler
                0x10001b88      0x1b8 CMakeFiles/main.dir/F_/Pico/pico-sdk/src/rp2_common/hardware_irq/irq.c.obj
                0x10001b88                irq_remove_handler
 .text.irq_add_tail_to_free_list
                0x10001d40       0xb8 CMakeFiles/main.dir/F_/Pico/pico-sdk/src/rp2_common/hardware_irq/irq.c.obj
                0x10001d40                irq_add_tail_to_free_list
 .text.irq_init_priorities
                0x10001df8       0x38 CMakeFiles/main.dir/F_/Pico/pico-sdk/src/rp2_common/hardware_irq/irq.c.obj
                0x10001df8                irq_init_priorities
 .text._out_null
                0x10001e30        0x4 CMakeFiles/main.dir/F_/Pico/pico-sdk/src/rp2_common/pico_printf/printf.c.obj
 .text._out_rev
                0x10001e34       0xd0 CMakeFiles/main.dir/F_/Pico/pico-sdk/src/rp2_common/pico_printf/printf.c.obj
 .text._ntoa_format
                0x10001f04      0x1d0 CMakeFiles/main.dir/F_/Pico/pico-sdk/src/rp2_common/pico_printf/printf.c.obj
 .text._out_char
                0x100020d4       0x10 CMakeFiles/main.dir/F_/Pico/pico-sdk/src/rp2_common/pico_printf/printf.c.obj
 .text._out_fct
                0x100020e4       0x10 CMakeFiles/main.dir/F_/Pico/pico-sdk/src/rp2_common/pico_printf/printf.c.obj
 .text._etoa    0x100020f4      0x478 CMakeFiles/main.dir/F_/Pico/pico-sdk/src/rp2_common/pico_printf/printf.c.obj
 .text._ftoa    0x1000256c      0x3e0 CMakeFiles/main.dir/F_/Pico/pico-sdk/src/rp2_common/pico_printf/printf.c.obj
 .text._vsnprintf
                0x1000294c      0xb08 CMakeFiles/main.dir/F_/Pico/pico-sdk/src/rp2_common/pico_printf/printf.c.obj
 .text.vfctprintf
                0x10003454       0x20 CMakeFiles/main.dir/F_/Pico/pico-sdk/src/rp2_common/pico_printf/printf.c.obj
                0x10003454                vfctprintf
 .text.weak_raw_vprintf
                0x10003474       0x30 CMakeFiles/main.dir/F_/Pico/pico-sdk/src/rp2_common/pico_printf/printf.c.obj
                0x10003474                weak_raw_vprintf
 .text          0x100034a4       0x10 CMakeFiles/main.dir/F_/Pico/pico-sdk/src/rp2_common/pico_bit_ops/bit_ops_aeabi.S.obj
 .text.rom_func_lookup
                0x100034b4       0x10 CMakeFiles/main.dir/F_/Pico/pico-sdk/src/rp2_common/pico_bootrom/bootrom.c.obj
                0x100034b4                rom_func_lookup
 .text.rom_data_lookup
                0x100034c4       0x10 CMakeFiles/main.dir/F_/Pico/pico-sdk/src/rp2_common/pico_bootrom/bootrom.c.obj
                0x100034c4                rom_data_lookup
 .text.rom_funcs_lookup
                0x100034d4       0x3c CMakeFiles/main.dir/F_/Pico/pico-sdk/src/rp2_common/pico_bootrom/bootrom.c.obj
                0x100034d4                rom_funcs_lookup
 .text.__wrap___aeabi_idiv
                0x10003510       0x58 CMakeFiles/main.dir/F_/Pico/pico-sdk/src/rp2_common/pico_divider/divider.S.obj
                0x10003510                __wrap___aeabi_idivmod
                0x10003510                divmod_s32s32
                0x10003510                div_s32s32
                0x10003510                __wrap___aeabi_idiv
                0x10003518                divmod_s32s32_unsafe
                0x10003544                divmod_s32s32_savestate
 .text.__wrap___aeabi_uidiv
                0x10003568       0x54 CMakeFiles/main.dir/F_/Pico/pico-sdk/src/rp2_common/pico_divider/divider.S.obj
                0x10003568                __wrap___aeabi_uidiv
                0x10003568                __wrap___aeabi_uidivmod
                0x10003568                div_u32u32
                0x10003568                divmod_u32u32
                0x10003570                divmod_u32u32_unsafe
                0x10003598                divmod_u32u32_savestate
 .text.__wrap___aeabi_ldiv
                0x100035bc      0x430 CMakeFiles/main.dir/F_/Pico/pico-sdk/src/rp2_common/pico_divider/divider.S.obj
                0x100035bc                div_s64s64
                0x100035bc                divmod_s64s64
                0x100035bc                __wrap___aeabi_ldivmod
                0x100035f4                divmod_u64u64
                0x100035f4                div_u64u64
                0x100035f4                __wrap___aeabi_uldivmod
                0x10003604                divmod_u64u64_savestate
                0x1000362c                divmod_s64s64_unsafe
                0x100036b4                divmod_u64u64_unsafe
 .text.__wrap___aeabi_darithmetic
                0x100039ec       0x54 CMakeFiles/main.dir/F_/Pico/pico-sdk/src/rp2_common/pico_double/double_aeabi.S.obj
                0x100039ec                __wrap___aeabi_drsub
                0x100039f2                __wrap___aeabi_dsub
                0x10003a04                __wrap___aeabi_dadd
                0x10003a16                __wrap___aeabi_ddiv
                0x10003a28                __wrap___aeabi_dmul
 .text.__wrap___aeabi_cdcmple
                0x10003a40       0x6c CMakeFiles/main.dir/F_/Pico/pico-sdk/src/rp2_common/pico_double/double_aeabi.S.obj
                0x10003a40                __wrap___aeabi_cdrcmple
                0x10003a50                __wrap___aeabi_cdcmpeq
                0x10003a50                __wrap___aeabi_cdcmple
 .text.__wrap___aeabi_dcmplt
                0x10003aac        0xc CMakeFiles/main.dir/F_/Pico/pico-sdk/src/rp2_common/pico_double/double_aeabi.S.obj
                0x10003aac                __wrap___aeabi_dcmplt
 .text.__wrap___aeabi_dcmple
                0x10003ab8       0x10 CMakeFiles/main.dir/F_/Pico/pico-sdk/src/rp2_common/pico_double/double_aeabi.S.obj
                0x10003ab8                __wrap___aeabi_dcmple
 .text.__wrap___aeabi_dcmpge
                0x10003ac8       0x10 CMakeFiles/main.dir/F_/Pico/pico-sdk/src/rp2_common/pico_double/double_aeabi.S.obj
                0x10003ac8                __wrap___aeabi_dcmpge
 .text.__wrap___aeabi_dcmpgt
                0x10003ad8        0xa CMakeFiles/main.dir/F_/Pico/pico-sdk/src/rp2_common/pico_double/double_aeabi.S.obj
                0x10003ad8                __wrap___aeabi_dcmpgt
 .text.__wrap___aeabi_dcmpun
                0x10003ae2       0x1c CMakeFiles/main.dir/F_/Pico/pico-sdk/src/rp2_common/pico_double/double_aeabi.S.obj
                0x10003ae2                __wrap___aeabi_dcmpun
 *fill*         0x10003afe        0x2 
 .text.__wrap___aeabi_i2d
                0x10003b00       0x38 CMakeFiles/main.dir/F_/Pico/pico-sdk/src/rp2_common/pico_double/double_aeabi.S.obj
                0x10003b00                __wrap___aeabi_ui2d
                0x10003b08                __wrap___aeabi_i2d
 .text.__wrap___aeabi_d2iz
                0x10003b38       0x48 CMakeFiles/main.dir/F_/Pico/pico-sdk/src/rp2_common/pico_double/double_aeabi.S.obj
                0x10003b38                double2int_z
                0x10003b38                __wrap___aeabi_d2iz
 .text.__wrap___aeabi_d2uiz
                0x10003b80       0x18 CMakeFiles/main.dir/F_/Pico/pico-sdk/src/rp2_common/pico_double/double_aeabi.S.obj
                0x10003b80                __wrap___aeabi_d2uiz
                0x10003b80                double2uint
 .text.__wrap___aeabi_d2f
                0x10003b98       0x18 CMakeFiles/main.dir/F_/Pico/pico-sdk/src/rp2_common/pico_double/double_aeabi.S.obj
                0x10003b98                __wrap___aeabi_d2f
 .text.__aeabi_double_init
                0x10003bb0       0xac CMakeFiles/main.dir/F_/Pico/pico-sdk/src/rp2_common/pico_double/double_init_rom.c.obj
                0x10003bb0                __aeabi_double_init
 .text.double_table_shim_on_use_helper
                0x10003c5c       0x2c CMakeFiles/main.dir/F_/Pico/pico-sdk/src/rp2_common/pico_double/double_v1_rom_shim.S.obj
                0x10003c5c                double_table_shim_on_use_helper
 .text.__wrap___aeabi_dsub
                0x10003c88       0x10 CMakeFiles/main.dir/F_/Pico/pico-sdk/src/rp2_common/pico_double/double_v1_rom_shim.S.obj
                0x10003c88                drsub_shim
                0x10003c8e                dsub_shim
 .text.dadd_shim
                0x10003c98      0x15c CMakeFiles/main.dir/F_/Pico/pico-sdk/src/rp2_common/pico_double/double_v1_rom_shim.S.obj
                0x10003c98                dadd_shim
 .text.dmul_shim
                0x10003df4      0x15c CMakeFiles/main.dir/F_/Pico/pico-sdk/src/rp2_common/pico_double/double_v1_rom_shim.S.obj
                0x10003df4                dmul_shim
 .text.ddiv_shim
                0x10003f50      0x1b0 CMakeFiles/main.dir/F_/Pico/pico-sdk/src/rp2_common/pico_double/double_v1_rom_shim.S.obj
                0x10003f50                ddiv_shim
 .text.dcordic_rot_step
                0x10004100       0x7c CMakeFiles/main.dir/F_/Pico/pico-sdk/src/rp2_common/pico_double/double_v1_rom_shim.S.obj
                0x10004100                dcordic_rot_step
 .text.double2uint_shim
                0x1000417c        0xe CMakeFiles/main.dir/F_/Pico/pico-sdk/src/rp2_common/pico_double/double_v1_rom_shim.S.obj
                0x1000417c                double2uint_shim
                0x1000417e                double2ufix_shim
 *fill*         0x1000418a        0x2 
 .text.double2uint64_shim
                0x1000418c       0x6c CMakeFiles/main.dir/F_/Pico/pico-sdk/src/rp2_common/pico_double/double_v1_rom_shim.S.obj
                0x1000418c                double2uint64_shim
                0x1000418e                double2ufix64_shim
                0x100041a8                d2fix_a
 .text.double2float_shim
                0x100041f8       0x5c CMakeFiles/main.dir/F_/Pico/pico-sdk/src/rp2_common/pico_double/double_v1_rom_shim.S.obj
                0x100041f8                double2float_shim
 .text.dunpacks
                0x10004254       0x3c CMakeFiles/main.dir/F_/Pico/pico-sdk/src/rp2_common/pico_double/double_v1_rom_shim.S.obj
                0x10004254                dunpacks
 .text.__aeabi_lmul
                0x10004290       0x32 CMakeFiles/main.dir/F_/Pico/pico-sdk/src/rp2_common/pico_int64_ops/pico_int64_ops_aeabi.S.obj
                0x10004290                __wrap___aeabi_lmul
 *fill*         0x100042c2        0x2 
 .text.__wrap___aeabi_farithmetic
                0x100042c4       0x24 CMakeFiles/main.dir/F_/Pico/pico-sdk/src/rp2_common/pico_float/float_aeabi.S.obj
                0x100042c4                __wrap___aeabi_frsub
                0x100042ca                __wrap___aeabi_fsub
                0x100042d0                __wrap___aeabi_fadd
                0x100042d6                __wrap___aeabi_fdiv
                0x100042dc                __wrap___aeabi_fmul
 .text.__wrap___aeabi_f2iz
                0x100042e8       0x4e CMakeFiles/main.dir/F_/Pico/pico-sdk/src/rp2_common/pico_float/float_aeabi.S.obj
                0x100042e8                float2int_z
                0x100042e8                __wrap___aeabi_f2iz
 *fill*         0x10004336        0x2 
 .text.float2int
                0x10004338       0x14 CMakeFiles/main.dir/F_/Pico/pico-sdk/src/rp2_common/pico_float/float_aeabi.S.obj
                0x10004338                float2int
 .text.__wrap___aeabi_f2uiz
                0x1000434c        0xc CMakeFiles/main.dir/F_/Pico/pico-sdk/src/rp2_common/pico_float/float_aeabi.S.obj
                0x1000434c                __wrap___aeabi_f2uiz
 .text.__aeabi_float_init
                0x10004358       0x64 CMakeFiles/main.dir/F_/Pico/pico-sdk/src/rp2_common/pico_float/float_init_rom.c.obj
                0x10004358                __aeabi_float_init
 .text.float_table_shim_on_use_helper
                0x100043bc       0x2c CMakeFiles/main.dir/F_/Pico/pico-sdk/src/rp2_common/pico_float/float_v1_rom_shim.S.obj
                0x100043bc                float_table_shim_on_use_helper
 .text.float232_shims
                0x100043e8       0x18 CMakeFiles/main.dir/F_/Pico/pico-sdk/src/rp2_common/pico_float/float_v1_rom_shim.S.obj
                0x100043e8                float2int_shim
                0x100043ea                float2fix_shim
 .text.__wrap_malloc
                0x10004400       0x24 CMakeFiles/main.dir/F_/Pico/pico-sdk/src/rp2_common/pico_malloc/pico_malloc.c.obj
                0x10004400                __wrap_malloc
 .text.__wrap_free
                0x10004424        0x8 CMakeFiles/main.dir/F_/Pico/pico-sdk/src/rp2_common/pico_malloc/pico_malloc.c.obj
                0x10004424                __wrap_free
 .text          0x1000442c       0x10 CMakeFiles/main.dir/F_/Pico/pico-sdk/src/rp2_common/pico_mem_ops/mem_ops_aeabi.S.obj
                0x1000442c                __aeabi_mem_init
 .text.memset   0x1000443c        0xc CMakeFiles/main.dir/F_/Pico/pico-sdk/src/rp2_common/pico_mem_ops/mem_ops_aeabi.S.obj
                0x1000443c                __wrap_memset
 .text.memcpy   0x10004448        0xc CMakeFiles/main.dir/F_/Pico/pico-sdk/src/rp2_common/pico_mem_ops/mem_ops_aeabi.S.obj
                0x10004448                __wrap_memcpy
                0x10004448                __wrap___aeabi_memcpy
 .text.stdio_out_chars_crlf.part.0
                0x10004454       0x84 CMakeFiles/main.dir/F_/Pico/pico-sdk/src/rp2_common/pico_stdio/stdio.c.obj
 .text.stdio_buffered_printer
                0x100044d8       0x78 CMakeFiles/main.dir/F_/Pico/pico-sdk/src/rp2_common/pico_stdio/stdio.c.obj
 .text.stdio_put_string
                0x10004550      0x100 CMakeFiles/main.dir/F_/Pico/pico-sdk/src/rp2_common/pico_stdio/stdio.c.obj
 .text.__wrap_putchar
                0x10004650       0x1c CMakeFiles/main.dir/F_/Pico/pico-sdk/src/rp2_common/pico_stdio/stdio.c.obj
                0x10004650                __wrap_putchar
 .text.__wrap_puts
                0x1000466c       0x3c CMakeFiles/main.dir/F_/Pico/pico-sdk/src/rp2_common/pico_stdio/stdio.c.obj
                0x1000466c                __wrap_puts
 .text.stdio_set_driver_enabled
                0x100046a8       0x3c CMakeFiles/main.dir/F_/Pico/pico-sdk/src/rp2_common/pico_stdio/stdio.c.obj
                0x100046a8                stdio_set_driver_enabled
 .text.__wrap_vprintf
                0x100046e4       0xe8 CMakeFiles/main.dir/F_/Pico/pico-sdk/src/rp2_common/pico_stdio/stdio.c.obj
                0x100046e4                __wrap_vprintf
 .text.__wrap_printf
                0x100047cc       0x18 CMakeFiles/main.dir/F_/Pico/pico-sdk/src/rp2_common/pico_stdio/stdio.c.obj
                0x100047cc                __wrap_printf
 .text.stdio_init_all
                0x100047e4        0xc CMakeFiles/main.dir/F_/Pico/pico-sdk/src/rp2_common/pico_stdio/stdio.c.obj
                0x100047e4                stdio_init_all
 .text.stdio_uart_out_chars
                0x100047f0       0x4c CMakeFiles/main.dir/F_/Pico/pico-sdk/src/rp2_common/pico_stdio_uart/stdio_uart.c.obj
 .text.stdio_uart_in_chars
                0x1000483c       0x38 CMakeFiles/main.dir/F_/Pico/pico-sdk/src/rp2_common/pico_stdio_uart/stdio_uart.c.obj
                0x1000483c                stdio_uart_in_chars
 .text.stdio_uart_init
                0x10004874       0x48 CMakeFiles/main.dir/F_/Pico/pico-sdk/src/rp2_common/pico_stdio_uart/stdio_uart.c.obj
                0x10004874                stdio_uart_init
 .text.resetd_init
                0x100048bc        0x4 CMakeFiles/main.dir/F_/Pico/pico-sdk/src/rp2_common/pico_stdio_usb/reset_interface.c.obj
 .text.resetd_reset
                0x100048c0        0xc CMakeFiles/main.dir/F_/Pico/pico-sdk/src/rp2_common/pico_stdio_usb/reset_interface.c.obj
 .text.resetd_open
                0x100048cc       0x28 CMakeFiles/main.dir/F_/Pico/pico-sdk/src/rp2_common/pico_stdio_usb/reset_interface.c.obj
 .text.resetd_control_complete_cb
                0x100048f4        0x4 CMakeFiles/main.dir/F_/Pico/pico-sdk/src/rp2_common/pico_stdio_usb/reset_interface.c.obj
 .text.resetd_xfer_cb
                0x100048f8        0x4 CMakeFiles/main.dir/F_/Pico/pico-sdk/src/rp2_common/pico_stdio_usb/reset_interface.c.obj
 .text.resetd_control_request_cb
                0x100048fc       0x60 CMakeFiles/main.dir/F_/Pico/pico-sdk/src/rp2_common/pico_stdio_usb/reset_interface.c.obj
 .text.usbd_app_driver_get_cb
                0x1000495c        0xc CMakeFiles/main.dir/F_/Pico/pico-sdk/src/rp2_common/pico_stdio_usb/reset_interface.c.obj
                0x1000495c                usbd_app_driver_get_cb
 .text.tud_cdc_line_coding_cb
                0x10004968       0x34 CMakeFiles/main.dir/F_/Pico/pico-sdk/src/rp2_common/pico_stdio_usb/reset_interface.c.obj
                0x10004968                tud_cdc_line_coding_cb
 .text.stdio_usb_in_chars
                0x1000499c       0x68 CMakeFiles/main.dir/F_/Pico/pico-sdk/src/rp2_common/pico_stdio_usb/stdio_usb.c.obj
                0x1000499c                stdio_usb_in_chars
 .text.stdio_usb_out_chars
                0x10004a04       0xec CMakeFiles/main.dir/F_/Pico/pico-sdk/src/rp2_common/pico_stdio_usb/stdio_usb.c.obj
 .text.timer_task
                0x10004af0       0x10 CMakeFiles/main.dir/F_/Pico/pico-sdk/src/rp2_common/pico_stdio_usb/stdio_usb.c.obj
 .text.low_priority_worker_irq
                0x10004b00       0x24 CMakeFiles/main.dir/F_/Pico/pico-sdk/src/rp2_common/pico_stdio_usb/stdio_usb.c.obj
 .text.stdio_usb_init
                0x10004b24       0x90 CMakeFiles/main.dir/F_/Pico/pico-sdk/src/rp2_common/pico_stdio_usb/stdio_usb.c.obj
                0x10004b24                stdio_usb_init
 .text.tud_descriptor_device_cb
                0x10004bb4        0x8 CMakeFiles/main.dir/F_/Pico/pico-sdk/src/rp2_common/pico_stdio_usb/stdio_usb_descriptors.c.obj
                0x10004bb4                tud_descriptor_device_cb
 .text.tud_descriptor_configuration_cb
                0x10004bbc        0x8 CMakeFiles/main.dir/F_/Pico/pico-sdk/src/rp2_common/pico_stdio_usb/stdio_usb_descriptors.c.obj
                0x10004bbc                tud_descriptor_configuration_cb
 .text.tud_descriptor_string_cb
                0x10004bc4       0x5c CMakeFiles/main.dir/F_/Pico/pico-sdk/src/rp2_common/pico_stdio_usb/stdio_usb_descriptors.c.obj
                0x10004bc4                tud_descriptor_string_cb
 .text.dcd_rp2040_irq
                0x10004c20      0x130 CMakeFiles/main.dir/F_/Pico/pico-sdk/lib/tinyusb/src/portable/raspberrypi/rp2040/dcd_rp2040.c.obj
 .text.dcd_int_enable
                0x10004d50        0xc CMakeFiles/main.dir/F_/Pico/pico-sdk/lib/tinyusb/src/portable/raspberrypi/rp2040/dcd_rp2040.c.obj
                0x10004d50                dcd_int_enable
 .text.dcd_set_address
                0x10004d5c       0x30 CMakeFiles/main.dir/F_/Pico/pico-sdk/lib/tinyusb/src/portable/raspberrypi/rp2040/dcd_rp2040.c.obj
                0x10004d5c                dcd_set_address
 .text.dcd_connect
                0x10004d8c       0x10 CMakeFiles/main.dir/F_/Pico/pico-sdk/lib/tinyusb/src/portable/raspberrypi/rp2040/dcd_rp2040.c.obj
                0x10004d8c                dcd_connect
 .text.dcd_init
                0x10004d9c       0xb0 CMakeFiles/main.dir/F_/Pico/pico-sdk/lib/tinyusb/src/portable/raspberrypi/rp2040/dcd_rp2040.c.obj
                0x10004d9c                dcd_init
 .text.dcd_edpt0_status_complete
                0x10004e4c       0x38 CMakeFiles/main.dir/F_/Pico/pico-sdk/lib/tinyusb/src/portable/raspberrypi/rp2040/dcd_rp2040.c.obj
                0x10004e4c                dcd_edpt0_status_complete
 .text.dcd_edpt_open
                0x10004e84      0x148 CMakeFiles/main.dir/F_/Pico/pico-sdk/lib/tinyusb/src/portable/raspberrypi/rp2040/dcd_rp2040.c.obj
                0x10004e84                dcd_edpt_open
 .text.dcd_edpt_xfer
                0x10004fcc       0x2c CMakeFiles/main.dir/F_/Pico/pico-sdk/lib/tinyusb/src/portable/raspberrypi/rp2040/dcd_rp2040.c.obj
                0x10004fcc                dcd_edpt_xfer
 .text.dcd_edpt_stall
                0x10004ff8       0x50 CMakeFiles/main.dir/F_/Pico/pico-sdk/lib/tinyusb/src/portable/raspberrypi/rp2040/dcd_rp2040.c.obj
                0x10004ff8                dcd_edpt_stall
 .text.dcd_edpt_clear_stall
                0x10005048       0x50 CMakeFiles/main.dir/F_/Pico/pico-sdk/lib/tinyusb/src/portable/raspberrypi/rp2040/dcd_rp2040.c.obj
                0x10005048                dcd_edpt_clear_stall
 .text.rp2040_usb_init
                0x10005098       0x50 CMakeFiles/main.dir/F_/Pico/pico-sdk/lib/tinyusb/src/portable/raspberrypi/rp2040/rp2040_usb.c.obj
                0x10005098                rp2040_usb_init
 .text.hw_endpoint_reset_transfer
                0x100050e8       0x14 CMakeFiles/main.dir/F_/Pico/pico-sdk/lib/tinyusb/src/portable/raspberrypi/rp2040/rp2040_usb.c.obj
                0x100050e8                hw_endpoint_reset_transfer
 .text._hw_endpoint_buffer_control_update32
                0x100050fc       0x54 CMakeFiles/main.dir/F_/Pico/pico-sdk/lib/tinyusb/src/portable/raspberrypi/rp2040/rp2040_usb.c.obj
                0x100050fc                _hw_endpoint_buffer_control_update32
 .text._hw_endpoint_xfer_continue
                0x10005150      0x10c CMakeFiles/main.dir/F_/Pico/pico-sdk/lib/tinyusb/src/portable/raspberrypi/rp2040/rp2040_usb.c.obj
                0x10005150                _hw_endpoint_xfer_continue
 .text._hw_endpoint_xfer
                0x1000525c       0xc0 CMakeFiles/main.dir/F_/Pico/pico-sdk/lib/tinyusb/src/portable/raspberrypi/rp2040/rp2040_usb.c.obj
                0x1000525c                _hw_endpoint_xfer
 .text.tud_mounted
                0x1000531c       0x10 CMakeFiles/main.dir/F_/Pico/pico-sdk/lib/tinyusb/src/device/usbd.c.obj
                0x1000531c                tud_mounted
 .text.tud_suspended
                0x1000532c       0x10 CMakeFiles/main.dir/F_/Pico/pico-sdk/lib/tinyusb/src/device/usbd.c.obj
                0x1000532c                tud_suspended
 .text.tud_init
                0x1000533c       0xb0 CMakeFiles/main.dir/F_/Pico/pico-sdk/lib/tinyusb/src/device/usbd.c.obj
                0x1000533c                tud_init
 .text.tud_task
                0x100053ec      0x80c CMakeFiles/main.dir/F_/Pico/pico-sdk/lib/tinyusb/src/device/usbd.c.obj
                0x100053ec                tud_task
 .text.dcd_event_bus_signal
                0x10005bf8       0xe0 CMakeFiles/main.dir/F_/Pico/pico-sdk/lib/tinyusb/src/device/usbd.c.obj
                0x10005bf8                dcd_event_bus_signal
 .text.dcd_event_setup_received
                0x10005cd8       0x50 CMakeFiles/main.dir/F_/Pico/pico-sdk/lib/tinyusb/src/device/usbd.c.obj
                0x10005cd8                dcd_event_setup_received
 .text.dcd_event_xfer_complete
                0x10005d28       0x68 CMakeFiles/main.dir/F_/Pico/pico-sdk/lib/tinyusb/src/device/usbd.c.obj
                0x10005d28                dcd_event_xfer_complete
 .text.usbd_open_edpt_pair
                0x10005d90       0x68 CMakeFiles/main.dir/F_/Pico/pico-sdk/lib/tinyusb/src/device/usbd.c.obj
                0x10005d90                usbd_open_edpt_pair
 .text.usbd_edpt_open
                0x10005df8        0x8 CMakeFiles/main.dir/F_/Pico/pico-sdk/lib/tinyusb/src/device/usbd.c.obj
                0x10005df8                usbd_edpt_open
 .text.usbd_edpt_claim
                0x10005e00       0x64 CMakeFiles/main.dir/F_/Pico/pico-sdk/lib/tinyusb/src/device/usbd.c.obj
                0x10005e00                usbd_edpt_claim
 .text.usbd_edpt_release
                0x10005e64       0x4c CMakeFiles/main.dir/F_/Pico/pico-sdk/lib/tinyusb/src/device/usbd.c.obj
                0x10005e64                usbd_edpt_release
 .text.usbd_edpt_xfer
                0x10005eb0       0x48 CMakeFiles/main.dir/F_/Pico/pico-sdk/lib/tinyusb/src/device/usbd.c.obj
                0x10005eb0                usbd_edpt_xfer
 .text.tud_control_status
                0x10005ef8       0x30 CMakeFiles/main.dir/F_/Pico/pico-sdk/lib/tinyusb/src/device/usbd_control.c.obj
                0x10005ef8                tud_control_status
 .text.tud_control_xfer
                0x10005f28       0xb8 CMakeFiles/main.dir/F_/Pico/pico-sdk/lib/tinyusb/src/device/usbd_control.c.obj
                0x10005f28                tud_control_xfer
 .text.usbd_control_reset
                0x10005fe0       0x14 CMakeFiles/main.dir/F_/Pico/pico-sdk/lib/tinyusb/src/device/usbd_control.c.obj
                0x10005fe0                usbd_control_reset
 .text.usbd_control_set_complete_callback
                0x10005ff4        0xc CMakeFiles/main.dir/F_/Pico/pico-sdk/lib/tinyusb/src/device/usbd_control.c.obj
                0x10005ff4                usbd_control_set_complete_callback
 .text.usbd_control_set_request
                0x10006000       0x1c CMakeFiles/main.dir/F_/Pico/pico-sdk/lib/tinyusb/src/device/usbd_control.c.obj
                0x10006000                usbd_control_set_request
 .text.usbd_control_xfer_cb
                0x1000601c       0xe8 CMakeFiles/main.dir/F_/Pico/pico-sdk/lib/tinyusb/src/device/usbd_control.c.obj
                0x1000601c                usbd_control_xfer_cb
 .text.tud_cdc_n_connected
                0x10006104       0x34 CMakeFiles/main.dir/F_/Pico/pico-sdk/lib/tinyusb/src/class/cdc/cdc_device.c.obj
                0x10006104                tud_cdc_n_connected
 .text.tud_cdc_n_available
                0x10006138       0x20 CMakeFiles/main.dir/F_/Pico/pico-sdk/lib/tinyusb/src/class/cdc/cdc_device.c.obj
                0x10006138                tud_cdc_n_available
 .text.tud_cdc_n_read
                0x10006158       0x74 CMakeFiles/main.dir/F_/Pico/pico-sdk/lib/tinyusb/src/class/cdc/cdc_device.c.obj
                0x10006158                tud_cdc_n_read
 .text.tud_cdc_n_write_flush
                0x100061cc       0xa4 CMakeFiles/main.dir/F_/Pico/pico-sdk/lib/tinyusb/src/class/cdc/cdc_device.c.obj
                0x100061cc                tud_cdc_n_write_flush
 .text.tud_cdc_n_write
                0x10006270       0x38 CMakeFiles/main.dir/F_/Pico/pico-sdk/lib/tinyusb/src/class/cdc/cdc_device.c.obj
                0x10006270                tud_cdc_n_write
 .text.tud_cdc_n_write_available
                0x100062a8       0x20 CMakeFiles/main.dir/F_/Pico/pico-sdk/lib/tinyusb/src/class/cdc/cdc_device.c.obj
                0x100062a8                tud_cdc_n_write_available
 .text.cdcd_init
                0x100062c8       0x78 CMakeFiles/main.dir/F_/Pico/pico-sdk/lib/tinyusb/src/class/cdc/cdc_device.c.obj
                0x100062c8                cdcd_init
 .text.cdcd_reset
                0x10006340       0x24 CMakeFiles/main.dir/F_/Pico/pico-sdk/lib/tinyusb/src/class/cdc/cdc_device.c.obj
                0x10006340                cdcd_reset
 .text.cdcd_open
                0x10006364       0xec CMakeFiles/main.dir/F_/Pico/pico-sdk/lib/tinyusb/src/class/cdc/cdc_device.c.obj
                0x10006364                cdcd_open
 .text.cdcd_control_complete
                0x10006450       0x44 CMakeFiles/main.dir/F_/Pico/pico-sdk/lib/tinyusb/src/class/cdc/cdc_device.c.obj
                0x10006450                cdcd_control_complete
 .text.cdcd_control_request
                0x10006494       0x68 CMakeFiles/main.dir/F_/Pico/pico-sdk/lib/tinyusb/src/class/cdc/cdc_device.c.obj
                0x10006494                cdcd_control_request
 .text.cdcd_xfer_cb
                0x100064fc      0x1b4 CMakeFiles/main.dir/F_/Pico/pico-sdk/lib/tinyusb/src/class/cdc/cdc_device.c.obj
                0x100064fc                cdcd_xfer_cb
 .text.tusb_init
                0x100066b0       0x20 CMakeFiles/main.dir/F_/Pico/pico-sdk/lib/tinyusb/src/tusb.c.obj
                0x100066b0                tusb_init
 .text.tusb_inited
                0x100066d0        0xc CMakeFiles/main.dir/F_/Pico/pico-sdk/lib/tinyusb/src/tusb.c.obj
                0x100066d0                tusb_inited
 .text.tu_fifo_config
                0x100066dc       0x78 CMakeFiles/main.dir/F_/Pico/pico-sdk/lib/tinyusb/src/common/tusb_fifo.c.obj
                0x100066dc                tu_fifo_config
 .text.tu_fifo_count
                0x10006754       0x18 CMakeFiles/main.dir/F_/Pico/pico-sdk/lib/tinyusb/src/common/tusb_fifo.c.obj
                0x10006754                tu_fifo_count
 .text.tu_fifo_remaining
                0x1000676c       0x1c CMakeFiles/main.dir/F_/Pico/pico-sdk/lib/tinyusb/src/common/tusb_fifo.c.obj
                0x1000676c                tu_fifo_remaining
 .text.tu_fifo_read
                0x10006788       0xa8 CMakeFiles/main.dir/F_/Pico/pico-sdk/lib/tinyusb/src/common/tusb_fifo.c.obj
                0x10006788                tu_fifo_read
 .text.tu_fifo_read_n
                0x10006830       0xf0 CMakeFiles/main.dir/F_/Pico/pico-sdk/lib/tinyusb/src/common/tusb_fifo.c.obj
                0x10006830                tu_fifo_read_n
 .text.tu_fifo_write
                0x10006920       0x84 CMakeFiles/main.dir/F_/Pico/pico-sdk/lib/tinyusb/src/common/tusb_fifo.c.obj
                0x10006920                tu_fifo_write
 .text.tu_fifo_write_n
                0x100069a4       0xfc CMakeFiles/main.dir/F_/Pico/pico-sdk/lib/tinyusb/src/common/tusb_fifo.c.obj
                0x100069a4                tu_fifo_write_n
 .text.tu_fifo_clear
                0x10006aa0       0x2c CMakeFiles/main.dir/F_/Pico/pico-sdk/lib/tinyusb/src/common/tusb_fifo.c.obj
                0x10006aa0                tu_fifo_clear
 .text.spi_init
                0x10006acc       0xe4 CMakeFiles/main.dir/F_/Pico/pico-sdk/src/rp2_common/hardware_spi/spi.c.obj
                0x10006acc                spi_init
 .text.i2c_init
                0x10006bb0       0xa8 CMakeFiles/main.dir/F_/Pico/pico-sdk/src/rp2_common/hardware_i2c/i2c.c.obj
                0x10006bb0                i2c_init
 .text.LCD_2in_test
                0x10006c58      0x250 examples\libexamples.a(LCD_2in_test.c.obj)
                0x10006c58                LCD_2in_test
 .text.LCD_2IN_Init
                0x10006ea8      0x900 lib\LCD\libLCD.a(LCD_2in.c.obj)
                0x10006ea8                LCD_2IN_Init
 .text.LCD_2IN_Clear
                0x100077a8      0x1a0 lib\LCD\libLCD.a(LCD_2in.c.obj)
                0x100077a8                LCD_2IN_Clear
 .text.LCD_2IN_Display
                0x10007948      0x1d4 lib\LCD\libLCD.a(LCD_2in.c.obj)
                0x10007948                LCD_2IN_Display
 .text.Paint_SetPixel.part.0
                0x10007b1c      0x12c lib\GUI\libGUI.a(GUI_Paint.c.obj)
 .text.Paint_DrawChar.part.0
                0x10007c48      0x118 lib\GUI\libGUI.a(GUI_Paint.c.obj)
 .text.Paint_DrawLine.constprop.0
                0x10007d60      0x374 lib\GUI\libGUI.a(GUI_Paint.c.obj)
 .text.Paint_DrawPoint.constprop.1
                0x100080d4      0x298 lib\GUI\libGUI.a(GUI_Paint.c.obj)
 .text.Paint_NewImage
                0x1000836c       0x44 lib\GUI\libGUI.a(GUI_Paint.c.obj)
                0x1000836c                Paint_NewImage
 .text.Paint_SetRotate
                0x100083b0       0x20 lib\GUI\libGUI.a(GUI_Paint.c.obj)
                0x100083b0                Paint_SetRotate
 .text.Paint_SetScale
                0x100083d0       0x6c lib\GUI\libGUI.a(GUI_Paint.c.obj)
                0x100083d0                Paint_SetScale
 .text.Paint_Clear
                0x1000843c       0xd8 lib\GUI\libGUI.a(GUI_Paint.c.obj)
                0x1000843c                Paint_Clear
 .text.Paint_DrawPoint
                0x10008514      0x278 lib\GUI\libGUI.a(GUI_Paint.c.obj)
                0x10008514                Paint_DrawPoint
 .text.Paint_DrawLine
                0x1000878c      0x3b4 lib\GUI\libGUI.a(GUI_Paint.c.obj)
                0x1000878c                Paint_DrawLine
 .text.Paint_DrawRectangle
                0x10008b40      0x3c4 lib\GUI\libGUI.a(GUI_Paint.c.obj)
                0x10008b40                Paint_DrawRectangle
 .text.Paint_DrawCircle
                0x10008f04      0x578 lib\GUI\libGUI.a(GUI_Paint.c.obj)
                0x10008f04                Paint_DrawCircle
 .text.Paint_DrawString_EN
                0x1000947c       0xa4 lib\GUI\libGUI.a(GUI_Paint.c.obj)
                0x1000947c                Paint_DrawString_EN
 .text.Paint_DrawString_CN
                0x10009520      0x248 lib\GUI\libGUI.a(GUI_Paint.c.obj)
                0x10009520                Paint_DrawString_CN
 .text.Paint_DrawNum
                0x10009768      0x1cc lib\GUI\libGUI.a(GUI_Paint.c.obj)
                0x10009768                Paint_DrawNum
 .text.Paint_DrawImage1
                0x10009934       0x98 lib\GUI\libGUI.a(GUI_Paint.c.obj)
                0x10009934                Paint_DrawImage1
 .text.DEV_Digital_Write
                0x100099cc       0x14 lib\Config\libConfig.a(DEV_Config.c.obj)
                0x100099cc                DEV_Digital_Write
 .text.DEV_SPI_WriteByte
                0x100099e0       0x1c lib\Config\libConfig.a(DEV_Config.c.obj)
                0x100099e0                DEV_SPI_WriteByte
 .text.DEV_SPI_Write_nByte
                0x100099fc       0x14 lib\Config\libConfig.a(DEV_Config.c.obj)
                0x100099fc                DEV_SPI_Write_nByte
 .text.DEV_Delay_ms
                0x10009a10        0x8 lib\Config\libConfig.a(DEV_Config.c.obj)
                0x10009a10                DEV_Delay_ms
 .text.DEV_GPIO_Init
                0x10009a18       0xa8 lib\Config\libConfig.a(DEV_Config.c.obj)
                0x10009a18                DEV_GPIO_Init
 .text.DEV_Module_Init
                0x10009ac0      0x12c lib\Config\libConfig.a(DEV_Config.c.obj)
                0x10009ac0                DEV_Module_Init
 .text.DEV_SET_PWM
                0x10009bec       0x40 lib\Config\libConfig.a(DEV_Config.c.obj)
                0x10009bec                DEV_SET_PWM
 .text.DEV_Module_Exit
                0x10009c2c        0x4 lib\Config\libConfig.a(DEV_Config.c.obj)
                0x10009c2c                DEV_Module_Exit
 .text.malloc   0x10009c30       0x14 f:/program files (x86)/gnu tools arm embedded/9 2019-q4-major/bin/../lib/gcc/arm-none-eabi/9.2.1/../../../../arm-none-eabi/lib/thumb/v6-m/nofp\libc.a(lib_a-malloc.o)
                0x10009c30                malloc
 .text.free     0x10009c44       0x14 f:/program files (x86)/gnu tools arm embedded/9 2019-q4-major/bin/../lib/gcc/arm-none-eabi/9.2.1/../../../../arm-none-eabi/lib/thumb/v6-m/nofp\libc.a(lib_a-malloc.o)
                0x10009c44                free
 .text._malloc_r
                0x10009c58      0x580 f:/program files (x86)/gnu tools arm embedded/9 2019-q4-major/bin/../lib/gcc/arm-none-eabi/9.2.1/../../../../arm-none-eabi/lib/thumb/v6-m/nofp\libc.a(lib_a-mallocr.o)
                0x10009c58                _malloc_r
 .text.__malloc_lock
                0x1000a1d8       0x10 f:/program files (x86)/gnu tools arm embedded/9 2019-q4-major/bin/../lib/gcc/arm-none-eabi/9.2.1/../../../../arm-none-eabi/lib/thumb/v6-m/nofp\libc.a(lib_a-mlock.o)
                0x1000a1d8                __malloc_lock
 .text.__malloc_unlock
                0x1000a1e8       0x10 f:/program files (x86)/gnu tools arm embedded/9 2019-q4-major/bin/../lib/gcc/arm-none-eabi/9.2.1/../../../../arm-none-eabi/lib/thumb/v6-m/nofp\libc.a(lib_a-mlock.o)
                0x1000a1e8                __malloc_unlock
 .text._sbrk_r  0x1000a1f8       0x24 f:/program files (x86)/gnu tools arm embedded/9 2019-q4-major/bin/../lib/gcc/arm-none-eabi/9.2.1/../../../../arm-none-eabi/lib/thumb/v6-m/nofp\libc.a(lib_a-sbrkr.o)
                0x1000a1f8                _sbrk_r
 .text.strlen   0x1000a21c       0x5c f:/program files (x86)/gnu tools arm embedded/9 2019-q4-major/bin/../lib/gcc/arm-none-eabi/9.2.1/../../../../arm-none-eabi/lib/thumb/v6-m/nofp\libc.a(lib_a-strlen-stub.o)
                0x1000a21c                strlen
 .text._malloc_trim_r
                0x1000a278       0x9c f:/program files (x86)/gnu tools arm embedded/9 2019-q4-major/bin/../lib/gcc/arm-none-eabi/9.2.1/../../../../arm-none-eabi/lib/thumb/v6-m/nofp\libc.a(lib_a-freer.o)
                0x1000a278                _malloc_trim_r
 .text._free_r  0x1000a314      0x1c4 f:/program files (x86)/gnu tools arm embedded/9 2019-q4-major/bin/../lib/gcc/arm-none-eabi/9.2.1/../../../../arm-none-eabi/lib/thumb/v6-m/nofp\libc.a(lib_a-freer.o)
                0x1000a314                _free_r
 .text.__retarget_lock_acquire_recursive
                0x1000a4d8        0x4 f:/program files (x86)/gnu tools arm embedded/9 2019-q4-major/bin/../lib/gcc/arm-none-eabi/9.2.1/../../../../arm-none-eabi/lib/thumb/v6-m/nofp\libc.a(lib_a-lock.o)
                0x1000a4d8                __retarget_lock_acquire_recursive
 .text.__retarget_lock_release_recursive
                0x1000a4dc        0x4 f:/program files (x86)/gnu tools arm embedded/9 2019-q4-major/bin/../lib/gcc/arm-none-eabi/9.2.1/../../../../arm-none-eabi/lib/thumb/v6-m/nofp\libc.a(lib_a-lock.o)
                0x1000a4dc                __retarget_lock_release_recursive
 *(.fini)
 .fini          0x1000a4e0        0x4 f:/program files (x86)/gnu tools arm embedded/9 2019-q4-major/bin/../lib/gcc/arm-none-eabi/9.2.1/thumb/v6-m/nofp/crti.o
                0x1000a4e0                _fini
 *fill*         0x1000a4e4        0x4 
 .fini.__stub   0x1000a4e8       0x70 linker stubs
 *crtbegin.o(.ctors)
 *crtbegin?.o(.ctors)
 *(EXCLUDE_FILE(*crtend.o *crtend?.o) .ctors)
 *(SORT_BY_NAME(.ctors.*))
 *(.ctors)
 *crtbegin.o(.dtors)
 *crtbegin?.o(.dtors)
 *(EXCLUDE_FILE(*crtend.o *crtend?.o) .dtors)
 *(SORT_BY_NAME(.dtors.*))
 *(.dtors)
 *(.eh_frame*)
 .eh_frame      0x1000a558        0x0 f:/program files (x86)/gnu tools arm embedded/9 2019-q4-major/bin/../lib/gcc/arm-none-eabi/9.2.1/thumb/v6-m/nofp/crtbegin.o
                0x1000a558                . = ALIGN (0x4)

.glue_7         0x1000a558        0x0
 .glue_7        0x1000a558        0x0 linker stubs

.glue_7t        0x1000a558        0x0
 .glue_7t       0x1000a558        0x0 linker stubs

.vfp11_veneer   0x1000a558        0x0
 .vfp11_veneer  0x1000a558        0x0 linker stubs

.v4_bx          0x1000a558        0x0
 .v4_bx         0x1000a558        0x0 linker stubs

.iplt           0x1000a558        0x0
 .iplt          0x1000a558        0x0 f:/program files (x86)/gnu tools arm embedded/9 2019-q4-major/bin/../lib/gcc/arm-none-eabi/9.2.1/thumb/v6-m/nofp/crtbegin.o

.rodata         0x1000a558    0x28da8
 *(EXCLUDE_FILE(*libm.a: *libc.a:*lib_a-mem*.o *libgcc.a:) .rodata*)
 .rodata.spin_lock_claim_unused.str1.4
                0x1000a558       0x1b CMakeFiles/main.dir/F_/Pico/pico-sdk/src/rp2_common/hardware_sync/sync.c.obj
 *fill*         0x1000a573        0x1 
 .rodata.hardware_alarm_claim.str1.4
                0x1000a574       0x22 CMakeFiles/main.dir/F_/Pico/pico-sdk/src/rp2_common/hardware_timer/timer.c.obj
 *fill*         0x1000a596        0x2 
 .rodata.panic.str1.4
                0x1000a598       0x12 CMakeFiles/main.dir/F_/Pico/pico-sdk/src/rp2_common/pico_runtime/runtime.c.obj
 *fill*         0x1000a5aa        0x2 
 .rodata.hard_assertion_failure.str1.4
                0x1000a5ac        0xc CMakeFiles/main.dir/F_/Pico/pico-sdk/src/rp2_common/pico_runtime/runtime.c.obj
 .rodata._ftoa.str1.4
                0x1000a5b8       0x15 CMakeFiles/main.dir/F_/Pico/pico-sdk/src/rp2_common/pico_printf/printf.c.obj
 *fill*         0x1000a5cd        0x3 
 .rodata._vsnprintf
                0x1000a5d0      0x1e0 CMakeFiles/main.dir/F_/Pico/pico-sdk/src/rp2_common/pico_printf/printf.c.obj
 .rodata.pow10.5446
                0x1000a7b0       0x50 CMakeFiles/main.dir/F_/Pico/pico-sdk/src/rp2_common/pico_printf/printf.c.obj
 .rodata.__wrap_malloc.str1.4
                0x1000a800        0xe CMakeFiles/main.dir/F_/Pico/pico-sdk/src/rp2_common/pico_malloc/pico_malloc.c.obj
 *fill*         0x1000a80e        0x2 
 .rodata.str1.4
                0x1000a810       0x3c CMakeFiles/main.dir/F_/Pico/pico-sdk/src/rp2_common/pico_standard_link/binary_info.c.obj
 .rodata.__bi_40
                0x1000a84c        0xc CMakeFiles/main.dir/F_/Pico/pico-sdk/src/rp2_common/pico_standard_link/binary_info.c.obj
 .rodata.__bi_71
                0x1000a858        0xc CMakeFiles/main.dir/F_/Pico/pico-sdk/src/rp2_common/pico_standard_link/binary_info.c.obj
 .rodata.__bi_77
                0x1000a864        0xc CMakeFiles/main.dir/F_/Pico/pico-sdk/src/rp2_common/pico_standard_link/binary_info.c.obj
 .rodata.crlf_str.6011
                0x1000a870        0x2 CMakeFiles/main.dir/F_/Pico/pico-sdk/src/rp2_common/pico_stdio/stdio.c.obj
 *fill*         0x1000a872        0x2 
 .rodata.str1.4
                0x1000a874       0x2c CMakeFiles/main.dir/F_/Pico/pico-sdk/src/rp2_common/pico_stdio_uart/stdio_uart.c.obj
 .rodata.__bi_28.4710
                0x1000a8a0        0xc CMakeFiles/main.dir/F_/Pico/pico-sdk/src/rp2_common/pico_stdio_uart/stdio_uart.c.obj
 .rodata.__bi_29.4714
                0x1000a8ac        0x8 CMakeFiles/main.dir/F_/Pico/pico-sdk/src/rp2_common/pico_stdio_uart/stdio_uart.c.obj
 .rodata._resetd_driver
                0x1000a8b4       0x1c CMakeFiles/main.dir/F_/Pico/pico-sdk/src/rp2_common/pico_stdio_usb/reset_interface.c.obj
 .rodata.str1.4
                0x1000a8d0       0x13 CMakeFiles/main.dir/F_/Pico/pico-sdk/src/rp2_common/pico_stdio_usb/stdio_usb.c.obj
 *fill*         0x1000a8e3        0x1 
 .rodata.__bi_92.7029
                0x1000a8e4        0xc CMakeFiles/main.dir/F_/Pico/pico-sdk/src/rp2_common/pico_stdio_usb/stdio_usb.c.obj
 .rodata.str1.4
                0x1000a8f0       0x3a CMakeFiles/main.dir/F_/Pico/pico-sdk/src/rp2_common/pico_stdio_usb/stdio_usb_descriptors.c.obj
 *fill*         0x1000a92a        0x2 
 .rodata.usbd_desc_cfg
                0x1000a92c       0x54 CMakeFiles/main.dir/F_/Pico/pico-sdk/src/rp2_common/pico_stdio_usb/stdio_usb_descriptors.c.obj
 .rodata.usbd_desc_device
                0x1000a980       0x12 CMakeFiles/main.dir/F_/Pico/pico-sdk/src/rp2_common/pico_stdio_usb/stdio_usb_descriptors.c.obj
 *fill*         0x1000a992        0x2 
 .rodata.usbd_desc_str
                0x1000a994       0x18 CMakeFiles/main.dir/F_/Pico/pico-sdk/src/rp2_common/pico_stdio_usb/stdio_usb_descriptors.c.obj
 .rodata.dcd_rp2040_irq.str1.4
                0x1000a9ac       0x14 CMakeFiles/main.dir/F_/Pico/pico-sdk/lib/tinyusb/src/portable/raspberrypi/rp2040/dcd_rp2040.c.obj
 .rodata.dcd_edpt_open.str1.4
                0x1000a9c0       0x28 CMakeFiles/main.dir/F_/Pico/pico-sdk/lib/tinyusb/src/portable/raspberrypi/rp2040/dcd_rp2040.c.obj
 .rodata._hw_endpoint_buffer_control_update32.str1.4
                0x1000a9e8       0x1f CMakeFiles/main.dir/F_/Pico/pico-sdk/lib/tinyusb/src/portable/raspberrypi/rp2040/rp2040_usb.c.obj
 *fill*         0x1000aa07        0x1 
 .rodata._hw_endpoint_xfer_continue.str1.4
                0x1000aa08       0x50 CMakeFiles/main.dir/F_/Pico/pico-sdk/lib/tinyusb/src/portable/raspberrypi/rp2040/rp2040_usb.c.obj
 .rodata.str1.4
                0x1000aa58       0x50 CMakeFiles/main.dir/F_/Pico/pico-sdk/lib/tinyusb/src/portable/raspberrypi/rp2040/rp2040_usb.c.obj
                                  0x7 (size before relaxing)
 .rodata.tud_task
                0x1000aa58       0x8c CMakeFiles/main.dir/F_/Pico/pico-sdk/lib/tinyusb/src/device/usbd.c.obj
 .rodata._usbd_driver
                0x1000aae4       0x1c CMakeFiles/main.dir/F_/Pico/pico-sdk/lib/tinyusb/src/device/usbd.c.obj
 .rodata.LCD_2in_test.str1.4
                0x1000ab00       0x76 examples\libexamples.a(LCD_2in_test.c.obj)
 *fill*         0x1000ab76        0x2 
 .rodata.gImage_2inch_1
                0x1000ab78    0x25800 examples\libexamples.a(ImageData.c.obj)
                0x1000ab78                gImage_2inch_1
 .rodata.Paint_DrawLine.constprop.0.str1.4
                0x10030378       0x49 lib\GUI\libGUI.a(GUI_Paint.c.obj)
 *fill*         0x100303c1        0x3 
 .rodata        0x100303c4      0xbe0 lib\Fonts\libFonts.a(font16.c.obj)
                0x100303c4                Font16_Table
 .rodata        0x10030fa4      0xed8 lib\Fonts\libFonts.a(font20.c.obj)
                0x10030fa4                Font20_Table
 .rodata        0x10031e7c     0x1458 lib\Fonts\libFonts.a(font24CN.c.obj)
                0x10031e7c                Font24CN_Table
 .rodata.DEV_Module_Init.str1.4
                0x100332d4       0x15 lib\Config\libConfig.a(DEV_Config.c.obj)
 *fill*         0x100332e9        0x3 
 .rodata.DEV_SET_PWM.str1.4
                0x100332ec       0x14 lib\Config\libConfig.a(DEV_Config.c.obj)
                0x10033300                . = ALIGN (0x4)
 *(SORT_BY_ALIGNMENT(SORT_BY_NAME(.flashdata*)))
                0x10033300                . = ALIGN (0x4)

.rel.dyn        0x10033300        0x0
 .rel.iplt      0x10033300        0x0 f:/program files (x86)/gnu tools arm embedded/9 2019-q4-major/bin/../lib/gcc/arm-none-eabi/9.2.1/thumb/v6-m/nofp/crtbegin.o

.ARM.extab
 *(.ARM.extab* .gnu.linkonce.armextab.*)
                0x10033300                __exidx_start = .

.ARM.exidx
 *(.ARM.exidx* .gnu.linkonce.armexidx.*)
                0x10033300                __exidx_end = .
                0x10033300                . = ALIGN (0x4)
                0x10033300                __binary_info_start = .

.binary_info    0x10033300       0x28
 *(.binary_info.keep.*)
 .binary_info.keep.__bi_ptr18
                0x10033300        0x4 CMakeFiles/main.dir/F_/Pico/pico-sdk/src/rp2_common/pico_standard_link/binary_info.c.obj
 .binary_info.keep.__bi_ptr26
                0x10033304        0x4 CMakeFiles/main.dir/F_/Pico/pico-sdk/src/rp2_common/pico_standard_link/binary_info.c.obj
 .binary_info.keep.__bi_ptr34
                0x10033308        0x4 CMakeFiles/main.dir/F_/Pico/pico-sdk/src/rp2_common/pico_standard_link/binary_info.c.obj
 .binary_info.keep.__bi_ptr40
                0x1003330c        0x4 CMakeFiles/main.dir/F_/Pico/pico-sdk/src/rp2_common/pico_standard_link/binary_info.c.obj
 .binary_info.keep.__bi_ptr46
                0x10033310        0x4 CMakeFiles/main.dir/F_/Pico/pico-sdk/src/rp2_common/pico_standard_link/binary_info.c.obj
 .binary_info.keep.__bi_ptr71
                0x10033314        0x4 CMakeFiles/main.dir/F_/Pico/pico-sdk/src/rp2_common/pico_standard_link/binary_info.c.obj
 .binary_info.keep.__bi_ptr77
                0x10033318        0x4 CMakeFiles/main.dir/F_/Pico/pico-sdk/src/rp2_common/pico_standard_link/binary_info.c.obj
 *(.binary_info.*)
 .binary_info.__bi_ptr28
                0x1003331c        0x4 CMakeFiles/main.dir/F_/Pico/pico-sdk/src/rp2_common/pico_stdio_uart/stdio_uart.c.obj
 .binary_info.__bi_ptr29
                0x10033320        0x4 CMakeFiles/main.dir/F_/Pico/pico-sdk/src/rp2_common/pico_stdio_uart/stdio_uart.c.obj
 .binary_info.__bi_ptr92
                0x10033324        0x4 CMakeFiles/main.dir/F_/Pico/pico-sdk/src/rp2_common/pico_stdio_usb/stdio_usb.c.obj
                0x10033328                __binary_info_end = .
                0x10033328                . = ALIGN (0x4)
                0x10033328                __etext = .

.ram_vector_table
                0x20000000       0xc0
 *(.ram_vector_table)
 .ram_vector_table
                0x20000000       0xc0 CMakeFiles/main.dir/F_/Pico/pico-sdk/src/rp2_common/pico_runtime/runtime.c.obj
                0x20000000                ram_vector_table

.data           0x200000c0      0xb44 load address 0x10033328
                0x200000c0                __data_start__ = .
 *(vtable)
 *(.time_critical*)
 .time_critical.mutex_enter_blocking
                0x200000c0       0x4c CMakeFiles/main.dir/F_/Pico/pico-sdk/src/common/pico_sync/mutex.c.obj
                0x200000c0                mutex_enter_blocking
 .time_critical.mutex_try_enter
                0x2000010c       0x48 CMakeFiles/main.dir/F_/Pico/pico-sdk/src/common/pico_sync/mutex.c.obj
                0x2000010c                mutex_try_enter
 .time_critical.mutex_enter_timeout_ms
                0x20000154       0x98 CMakeFiles/main.dir/F_/Pico/pico-sdk/src/common/pico_sync/mutex.c.obj
                0x20000154                mutex_enter_timeout_ms
 .time_critical.mutex_exit
                0x200001ec       0x28 CMakeFiles/main.dir/F_/Pico/pico-sdk/src/common/pico_sync/mutex.c.obj
                0x200001ec                mutex_exit
 .time_critical.spi_write_blocking
                0x20000214       0x4c CMakeFiles/main.dir/F_/Pico/pico-sdk/src/rp2_common/hardware_spi/spi.c.obj
                0x20000214                spi_write_blocking
 *(.text*)
 .text          0x20000260        0x4 f:/program files (x86)/gnu tools arm embedded/9 2019-q4-major/bin/../lib/gcc/arm-none-eabi/9.2.1/thumb/v6-m/nofp\libgcc.a(_dvmd_tls.o)
                0x20000260                __aeabi_idiv0
                0x20000260                __aeabi_ldiv0
 *fill*         0x20000264        0x4 
 .text.__stub   0x20000268       0x30 linker stubs
                0x20000298                . = ALIGN (0x4)
 *(.rodata*)
                0x20000298                . = ALIGN (0x4)
 *(.data*)
 .data.striped_spin_lock_num
                0x20000298        0x1 CMakeFiles/main.dir/F_/Pico/pico-sdk/src/rp2_common/hardware_sync/sync.c.obj
 *fill*         0x20000299        0x3 
 .data.default_alarm_pool
                0x2000029c       0x18 CMakeFiles/main.dir/F_/Pico/pico-sdk/src/common/pico_time/time.c.obj
 .data.default_alarm_pool_heap
                0x200002b4       0x10 CMakeFiles/main.dir/F_/Pico/pico-sdk/src/common/pico_time/time.c.obj
 .data          0x200002c4       0x48 CMakeFiles/main.dir/F_/Pico/pico-sdk/src/rp2_common/hardware_irq/irq_handler_chain.S.obj
                0x200002c4                irq_handler_chain_slots
                0x200002f4                irq_handler_chain_first_slot
                0x200002fe                irq_handler_chain_remove_tail
 *fill*         0x2000030c        0x4 
 .data.aeabi_bits_funcs
                0x20000310       0x10 CMakeFiles/main.dir/F_/Pico/pico-sdk/src/rp2_common/pico_bit_ops/bit_ops_aeabi.S.obj
                0x20000310                aeabi_bits_funcs
                0x20000320                aeabi_bits_funcs_end
 .data.aeabi_mem_funcs
                0x20000320       0x10 CMakeFiles/main.dir/F_/Pico/pico-sdk/src/rp2_common/pico_mem_ops/mem_ops_aeabi.S.obj
                0x20000320                aeabi_mem_funcs
                0x20000330                aeabi_mem_funcs_end
 .data.stdio_uart
                0x20000330       0x14 CMakeFiles/main.dir/F_/Pico/pico-sdk/src/rp2_common/pico_stdio_uart/stdio_uart.c.obj
                0x20000330                stdio_uart
 .data.stdio_usb
                0x20000344       0x14 CMakeFiles/main.dir/F_/Pico/pico-sdk/src/rp2_common/pico_stdio_usb/stdio_usb.c.obj
                0x20000344                stdio_usb
 .data.ep_dir_string
                0x20000358        0x8 CMakeFiles/main.dir/F_/Pico/pico-sdk/lib/tinyusb/src/portable/raspberrypi/rp2040/rp2040_usb.c.obj
                0x20000358                ep_dir_string
 .data._usbd_qdef
                0x20000360       0x20 CMakeFiles/main.dir/F_/Pico/pico-sdk/lib/tinyusb/src/device/usbd.c.obj
                0x20000360                _usbd_qdef
 .data.i2c0_inst
                0x20000380        0x8 CMakeFiles/main.dir/F_/Pico/pico-sdk/src/rp2_common/hardware_i2c/i2c.c.obj
                0x20000380                i2c0_inst
 .data.i2c1_inst
                0x20000388        0x8 CMakeFiles/main.dir/F_/Pico/pico-sdk/src/rp2_common/hardware_i2c/i2c.c.obj
                0x20000388                i2c1_inst
 .data          0x20000390        0x8 lib\Fonts\libFonts.a(font16.c.obj)
                0x20000390                Font16
 .data          0x20000398        0x8 lib\Fonts\libFonts.a(font20.c.obj)
                0x20000398                Font20
 .data          0x200003a0        0xc lib\Fonts\libFonts.a(font24CN.c.obj)
                0x200003a0                Font24CN
 .data._impure_ptr
                0x200003ac        0x4 f:/program files (x86)/gnu tools arm embedded/9 2019-q4-major/bin/../lib/gcc/arm-none-eabi/9.2.1/../../../../arm-none-eabi/lib/thumb/v6-m/nofp\libc.a(lib_a-impure.o)
                0x200003ac                _impure_ptr
 .data.impure_data
                0x200003b0      0x428 f:/program files (x86)/gnu tools arm embedded/9 2019-q4-major/bin/../lib/gcc/arm-none-eabi/9.2.1/../../../../arm-none-eabi/lib/thumb/v6-m/nofp\libc.a(lib_a-impure.o)
 .data.__malloc_av_
                0x200007d8      0x408 f:/program files (x86)/gnu tools arm embedded/9 2019-q4-major/bin/../lib/gcc/arm-none-eabi/9.2.1/../../../../arm-none-eabi/lib/thumb/v6-m/nofp\libc.a(lib_a-mallocr.o)
                0x200007d8                __malloc_av_
 .data.__malloc_sbrk_base
                0x20000be0        0x4 f:/program files (x86)/gnu tools arm embedded/9 2019-q4-major/bin/../lib/gcc/arm-none-eabi/9.2.1/../../../../arm-none-eabi/lib/thumb/v6-m/nofp\libc.a(lib_a-mallocr.o)
                0x20000be0                __malloc_sbrk_base
 .data.__malloc_trim_threshold
                0x20000be4        0x4 f:/program files (x86)/gnu tools arm embedded/9 2019-q4-major/bin/../lib/gcc/arm-none-eabi/9.2.1/../../../../arm-none-eabi/lib/thumb/v6-m/nofp\libc.a(lib_a-mallocr.o)
                0x20000be4                __malloc_trim_threshold
                0x20000be8                . = ALIGN (0x4)
 *(.after_data.*)
                0x20000be8                . = ALIGN (0x4)
                0x20000be8                PROVIDE (__mutex_array_start = .)
 *(SORT_BY_NAME(.mutex_array.*))
 *(.mutex_array)
 .mutex_array   0x20000be8        0x8 CMakeFiles/main.dir/F_/Pico/pico-sdk/src/rp2_common/pico_stdio/stdio.c.obj
                0x20000bf0                PROVIDE (__mutex_array_end = .)
                0x20000bf0                . = ALIGN (0x4)
                0x20000bf0                PROVIDE (__preinit_array_start = .)
 *(SORT_BY_NAME(.preinit_array.*))
 .preinit_array.00001
                0x20000bf0        0x4 CMakeFiles/main.dir/F_/Pico/pico-sdk/src/rp2_common/pico_mem_ops/mem_ops_aeabi.S.obj
 .preinit_array.00010
                0x20000bf4        0x4 CMakeFiles/main.dir/F_/Pico/pico-sdk/src/rp2_common/pico_bit_ops/bit_ops_aeabi.S.obj
 .preinit_array.00020
                0x20000bf8        0x4 CMakeFiles/main.dir/F_/Pico/pico-sdk/src/rp2_common/pico_double/double_aeabi.S.obj
 .preinit_array.00020
                0x20000bfc        0x4 CMakeFiles/main.dir/F_/Pico/pico-sdk/src/rp2_common/pico_float/float_aeabi.S.obj
 *(.preinit_array)
                0x20000c00                PROVIDE (__preinit_array_end = .)
                0x20000c00                . = ALIGN (0x4)
                0x20000c00                PROVIDE (__init_array_start = .)
 *(SORT_BY_NAME(.init_array.*))
 *(.init_array)
 .init_array    0x20000c00        0x4 f:/program files (x86)/gnu tools arm embedded/9 2019-q4-major/bin/../lib/gcc/arm-none-eabi/9.2.1/thumb/v6-m/nofp/crtbegin.o
                0x20000c04                PROVIDE (__init_array_end = .)
                0x20000c04                . = ALIGN (0x4)
                [!provide]                PROVIDE (__fini_array_start = .)
 *(SORT_BY_NAME(.fini_array.*))
 *(.fini_array)
                [!provide]                PROVIDE (__fini_array_end = .)
 *(.jcr)
                0x20000c04                . = ALIGN (0x4)
                0x20000c04                __data_end__ = .

.igot.plt       0x20000c04        0x0 load address 0x10033e6c
 .igot.plt      0x20000c04        0x0 f:/program files (x86)/gnu tools arm embedded/9 2019-q4-major/bin/../lib/gcc/arm-none-eabi/9.2.1/thumb/v6-m/nofp/crtbegin.o

.uninitialized_data
                0x20000c04        0x0 load address 0x10033e6c
                0x20000c04                . = ALIGN (0x4)
 *(.uninitialized_data*)

.scratch_x      0x20040000        0x0 load address 0x10033e6c
                0x20040000                __scratch_x_start__ = .
 *(.scratch_x.*)
                0x20040000                . = ALIGN (0x4)
                0x20040000                __scratch_x_end__ = .
                0x10033e6c                __scratch_x_source__ = LOADADDR (.scratch_x)

.scratch_y      0x20041000        0x0 load address 0x10033e6c
                0x20041000                __scratch_y_start__ = .
 *(.scratch_y.*)
                0x20041000                . = ALIGN (0x4)
                0x20041000                __scratch_y_end__ = .
                0x10033e6c                __scratch_y_source__ = LOADADDR (.scratch_y)

.bss            0x20000c08      0xf6c
                0x20000c08                . = ALIGN (0x4)
                0x20000c08                __bss_start__ = .
 *(SORT_BY_ALIGNMENT(SORT_BY_NAME(.bss*)))
 .bss.default_alarm_pool_entries
                0x20000c08      0x100 CMakeFiles/main.dir/F_/Pico/pico-sdk/src/common/pico_time/time.c.obj
 .bss.last_avail_time.7008
                0x20000d08        0x8 CMakeFiles/main.dir/F_/Pico/pico-sdk/src/rp2_common/pico_stdio_usb/stdio_usb.c.obj
 .bss           0x20000d10       0x1c f:/program files (x86)/gnu tools arm embedded/9 2019-q4-major/bin/../lib/gcc/arm-none-eabi/9.2.1/thumb/v6-m/nofp/crtbegin.o
 .bss.__malloc_current_mallinfo
                0x20000d2c       0x28 f:/program files (x86)/gnu tools arm embedded/9 2019-q4-major/bin/../lib/gcc/arm-none-eabi/9.2.1/../../../../arm-none-eabi/lib/thumb/v6-m/nofp\libc.a(lib_a-mallocr.o)
                0x20000d2c                __malloc_current_mallinfo
 .bss.__malloc_max_sbrked_mem
                0x20000d54        0x4 f:/program files (x86)/gnu tools arm embedded/9 2019-q4-major/bin/../lib/gcc/arm-none-eabi/9.2.1/../../../../arm-none-eabi/lib/thumb/v6-m/nofp\libc.a(lib_a-mallocr.o)
                0x20000d54                __malloc_max_sbrked_mem
 .bss.__malloc_max_total_mem
                0x20000d58        0x4 f:/program files (x86)/gnu tools arm embedded/9 2019-q4-major/bin/../lib/gcc/arm-none-eabi/9.2.1/../../../../arm-none-eabi/lib/thumb/v6-m/nofp\libc.a(lib_a-mallocr.o)
                0x20000d58                __malloc_max_total_mem
 .bss.__malloc_top_pad
                0x20000d5c        0x4 f:/program files (x86)/gnu tools arm embedded/9 2019-q4-major/bin/../lib/gcc/arm-none-eabi/9.2.1/../../../../arm-none-eabi/lib/thumb/v6-m/nofp\libc.a(lib_a-mallocr.o)
                0x20000d5c                __malloc_top_pad
 .bss._app_driver
                0x20000d60        0x4 CMakeFiles/main.dir/F_/Pico/pico-sdk/lib/tinyusb/src/device/usbd.c.obj
 .bss._cdcd_itf
                0x20000d64      0x2d0 CMakeFiles/main.dir/F_/Pico/pico-sdk/lib/tinyusb/src/class/cdc/cdc_device.c.obj
 .bss._ctrl_xfer
                0x20001034       0x14 CMakeFiles/main.dir/F_/Pico/pico-sdk/lib/tinyusb/src/device/usbd_control.c.obj
 .bss._ubsd_mutexdef
                0x20001048        0x8 CMakeFiles/main.dir/F_/Pico/pico-sdk/lib/tinyusb/src/device/usbd.c.obj
 .bss._usbd_ctrl_buf
                0x20001050       0x40 CMakeFiles/main.dir/F_/Pico/pico-sdk/lib/tinyusb/src/device/usbd_control.c.obj
 .bss._usbd_dev
                0x20001090       0x37 CMakeFiles/main.dir/F_/Pico/pico-sdk/lib/tinyusb/src/device/usbd.c.obj
 *fill*         0x200010c7        0x1 
 .bss._usbd_mutex
                0x200010c8        0x4 CMakeFiles/main.dir/F_/Pico/pico-sdk/lib/tinyusb/src/device/usbd.c.obj
 .bss._usbd_q   0x200010cc        0x4 CMakeFiles/main.dir/F_/Pico/pico-sdk/lib/tinyusb/src/device/usbd.c.obj
 .bss.alarm_callbacks
                0x200010d0       0x10 CMakeFiles/main.dir/F_/Pico/pico-sdk/src/rp2_common/hardware_timer/timer.c.obj
 .bss.claimed   0x200010e0        0x4 CMakeFiles/main.dir/F_/Pico/pico-sdk/src/rp2_common/hardware_sync/sync.c.obj
 .bss.configured_freq
                0x200010e4       0x28 CMakeFiles/main.dir/F_/Pico/pico-sdk/src/rp2_common/hardware_clocks/clocks.c.obj
 .bss.default_alarm_pool_entry_ids_high
                0x2000110c       0x10 CMakeFiles/main.dir/F_/Pico/pico-sdk/src/common/pico_time/time.c.obj
 .bss.default_alarm_pool_heap_nodes
                0x2000111c       0x30 CMakeFiles/main.dir/F_/Pico/pico-sdk/src/common/pico_time/time.c.obj
 .bss.desc_str.6904
                0x2000114c       0x28 CMakeFiles/main.dir/F_/Pico/pico-sdk/src/rp2_common/pico_stdio_usb/stdio_usb_descriptors.c.obj
 .bss.drivers   0x20001174        0x4 CMakeFiles/main.dir/F_/Pico/pico-sdk/src/rp2_common/pico_stdio/stdio.c.obj
 .bss.filter    0x20001178        0x4 CMakeFiles/main.dir/F_/Pico/pico-sdk/src/rp2_common/pico_stdio/stdio.c.obj
 .bss.heap_end.5811
                0x2000117c        0x4 CMakeFiles/main.dir/F_/Pico/pico-sdk/src/rp2_common/pico_runtime/runtime.c.obj
 .bss.hw_endpoints
                0x20001180      0x680 CMakeFiles/main.dir/F_/Pico/pico-sdk/lib/tinyusb/src/portable/raspberrypi/rp2040/dcd_rp2040.c.obj
 .bss.lazy_vsnprintf
                0x20001800        0x4 CMakeFiles/main.dir/F_/Pico/pico-sdk/src/rp2_common/pico_printf/printf.c.obj
 .bss.load_value
                0x20001804        0x4 CMakeFiles/main.dir/F_/Pico/pico-sdk/src/rp2_common/hardware_watchdog/watchdog.c.obj
 .bss.next_buffer_ptr
                0x20001808        0x4 CMakeFiles/main.dir/F_/Pico/pico-sdk/lib/tinyusb/src/portable/raspberrypi/rp2040/dcd_rp2040.c.obj
 .bss.pools     0x2000180c       0x10 CMakeFiles/main.dir/F_/Pico/pico-sdk/src/common/pico_time/time.c.obj
 .bss.stdio_usb_mutex
                0x2000181c        0x8 CMakeFiles/main.dir/F_/Pico/pico-sdk/src/rp2_common/pico_stdio_usb/stdio_usb.c.obj
 .bss.target_hi
                0x20001824       0x10 CMakeFiles/main.dir/F_/Pico/pico-sdk/src/rp2_common/hardware_timer/timer.c.obj
 .bss.uart_instance
                0x20001834        0x4 CMakeFiles/main.dir/F_/Pico/pico-sdk/src/rp2_common/pico_stdio_uart/stdio_uart.c.obj
 .bss._app_driver_count
                0x20001838        0x1 CMakeFiles/main.dir/F_/Pico/pico-sdk/lib/tinyusb/src/device/usbd.c.obj
 .bss._initialized
                0x20001839        0x1 CMakeFiles/main.dir/F_/Pico/pico-sdk/lib/tinyusb/src/tusb.c.obj
 .bss.assigned_address
                0x2000183a        0x1 CMakeFiles/main.dir/F_/Pico/pico-sdk/lib/tinyusb/src/portable/raspberrypi/rp2040/dcd_rp2040.c.obj
 .bss.claimed   0x2000183b        0x1 CMakeFiles/main.dir/F_/Pico/pico-sdk/src/rp2_common/hardware_timer/timer.c.obj
 .bss.irq_hander_chain_free_slot_head
                0x2000183c        0x1 CMakeFiles/main.dir/F_/Pico/pico-sdk/src/rp2_common/hardware_irq/irq.c.obj
 .bss.itf_num   0x2000183d        0x1 CMakeFiles/main.dir/F_/Pico/pico-sdk/src/rp2_common/pico_stdio_usb/reset_interface.c.obj
 .bss.timer_callbacks_pending
                0x2000183e        0x1 CMakeFiles/main.dir/F_/Pico/pico-sdk/src/rp2_common/hardware_timer/timer.c.obj
 *(COMMON)
 *fill*         0x2000183f        0x1 
 COMMON         0x20001840        0x4 CMakeFiles/main.dir/F_/Pico/pico-sdk/src/rp2_common/hardware_uart/uart.c.obj
                0x20001840                uart_char_to_line_feed
 COMMON         0x20001844      0x100 CMakeFiles/main.dir/F_/Pico/pico-sdk/src/rp2_common/pico_double/double_init_rom.c.obj
                0x20001844                sd_table
 COMMON         0x20001944      0x104 CMakeFiles/main.dir/F_/Pico/pico-sdk/src/rp2_common/pico_float/float_init_rom.c.obj
                0x20001944                sf_table
                0x20001a44                sf_clz_func
 COMMON         0x20001a48       0xc0 CMakeFiles/main.dir/F_/Pico/pico-sdk/lib/tinyusb/src/device/usbd.c.obj
                0x20001a48                _usbd_qdef_buf
 COMMON         0x20001b08        0x6 lib\LCD\libLCD.a(LCD_2in.c.obj)
                0x20001b08                LCD_2IN
 *fill*         0x20001b0e        0x2 
 COMMON         0x20001b10       0x18 lib\GUI\libGUI.a(GUI_Paint.c.obj)
                0x20001b10                Paint
 COMMON         0x20001b28       0x24 lib\Config\libConfig.a(DEV_Config.c.obj)
                0x20001b28                EPD_SDA_PIN
                0x20001b2c                EPD_SCL_PIN
                0x20001b30                slice_num
                0x20001b34                EPD_MOSI_PIN
                0x20001b38                EPD_CLK_PIN
                0x20001b3c                EPD_RST_PIN
                0x20001b40                EPD_CS_PIN
                0x20001b44                EPD_BL_PIN
                0x20001b48                EPD_DC_PIN
 COMMON         0x20001b4c       0x21 f:/program files (x86)/gnu tools arm embedded/9 2019-q4-major/bin/../lib/gcc/arm-none-eabi/9.2.1/../../../../arm-none-eabi/lib/thumb/v6-m/nofp\libc.a(lib_a-lock.o)
                0x20001b4c                __lock___atexit_recursive_mutex
                0x20001b50                __lock___arc4random_mutex
                0x20001b54                __lock___env_recursive_mutex
                0x20001b58                __lock___sinit_recursive_mutex
                0x20001b5c                __lock___malloc_recursive_mutex
                0x20001b60                __lock___at_quick_exit_mutex
                0x20001b64                __lock___dd_hash_mutex
                0x20001b68                __lock___tz_mutex
                0x20001b6c                __lock___sfp_recursive_mutex
 *fill*         0x20001b6d        0x3 
 COMMON         0x20001b70        0x4 f:/program files (x86)/gnu tools arm embedded/9 2019-q4-major/bin/../lib/gcc/arm-none-eabi/9.2.1/../../../../arm-none-eabi/lib/thumb/v6-m/nofp\libc.a(lib_a-reent.o)
                0x20001b70                errno
                0x20001b74                . = ALIGN (0x4)
                0x20001b74                __bss_end__ = .

.heap           0x20001b74      0x800
                0x20001b74                __end__ = .
                0x20001b74                end = __end__
 *(.heap*)
 .heap          0x20001b74      0x800 CMakeFiles/main.dir/F_/Pico/pico-sdk/src/rp2_common/pico_standard_link/crt0.S.obj
                0x20002374                __HeapLimit = .

.stack1_dummy   0x20040000        0x0
 *(.stack1*)

.stack_dummy    0x20041000      0x800
 *(.stack*)
 .stack         0x20041000      0x800 CMakeFiles/main.dir/F_/Pico/pico-sdk/src/rp2_common/pico_standard_link/crt0.S.obj

.flash_end      0x10033e6c        0x0
                0x10033e6c                __flash_binary_end = .
                0x20040000                __StackLimit = (ORIGIN (RAM) + LENGTH (RAM))
                0x20041000                __StackOneTop = (ORIGIN (SCRATCH_X) + LENGTH (SCRATCH_X))
                0x20042000                __StackTop = (ORIGIN (SCRATCH_Y) + LENGTH (SCRATCH_Y))
                0x20041000                __StackOneBottom = (__StackOneTop - SIZEOF (.stack1_dummy))
                0x20041800                __StackBottom = (__StackTop - SIZEOF (.stack_dummy))
                0x20042000                PROVIDE (__stack = __StackTop)
                0x00000001                ASSERT ((__StackLimit >= __HeapLimit), region RAM overflowed)
                0x00000001                ASSERT (((__binary_info_header_end - __logical_binary_start) <= 0x100), Binary info must be in first 256 bytes of the binary)
LOAD CMakeFiles/main.dir/main.c.obj
LOAD CMakeFiles/main.dir/F_/Pico/pico-sdk/src/rp2_common/pico_stdlib/stdlib.c.obj
LOAD CMakeFiles/main.dir/F_/Pico/pico-sdk/src/rp2_common/hardware_gpio/gpio.c.obj
LOAD CMakeFiles/main.dir/F_/Pico/pico-sdk/src/rp2_common/hardware_claim/claim.c.obj
LOAD CMakeFiles/main.dir/F_/Pico/pico-sdk/src/rp2_common/hardware_sync/sync.c.obj
LOAD CMakeFiles/main.dir/F_/Pico/pico-sdk/src/rp2_common/pico_platform/platform.c.obj
LOAD CMakeFiles/main.dir/F_/Pico/pico-sdk/src/rp2_common/hardware_uart/uart.c.obj
LOAD CMakeFiles/main.dir/F_/Pico/pico-sdk/src/rp2_common/hardware_divider/divider.S.obj
LOAD CMakeFiles/main.dir/F_/Pico/pico-sdk/src/common/pico_time/time.c.obj
LOAD CMakeFiles/main.dir/F_/Pico/pico-sdk/src/common/pico_time/timeout_helper.c.obj
LOAD CMakeFiles/main.dir/F_/Pico/pico-sdk/src/rp2_common/hardware_timer/timer.c.obj
LOAD CMakeFiles/main.dir/F_/Pico/pico-sdk/src/common/pico_sync/sem.c.obj
LOAD CMakeFiles/main.dir/F_/Pico/pico-sdk/src/common/pico_sync/lock_core.c.obj
LOAD CMakeFiles/main.dir/F_/Pico/pico-sdk/src/common/pico_sync/mutex.c.obj
LOAD CMakeFiles/main.dir/F_/Pico/pico-sdk/src/common/pico_sync/critical_section.c.obj
LOAD CMakeFiles/main.dir/F_/Pico/pico-sdk/src/common/pico_util/datetime.c.obj
LOAD CMakeFiles/main.dir/F_/Pico/pico-sdk/src/common/pico_util/pheap.c.obj
LOAD CMakeFiles/main.dir/F_/Pico/pico-sdk/src/common/pico_util/queue.c.obj
LOAD CMakeFiles/main.dir/F_/Pico/pico-sdk/src/rp2_common/pico_runtime/runtime.c.obj
LOAD CMakeFiles/main.dir/F_/Pico/pico-sdk/src/rp2_common/hardware_clocks/clocks.c.obj
LOAD CMakeFiles/main.dir/F_/Pico/pico-sdk/src/rp2_common/hardware_watchdog/watchdog.c.obj
LOAD CMakeFiles/main.dir/F_/Pico/pico-sdk/src/rp2_common/hardware_xosc/xosc.c.obj
LOAD CMakeFiles/main.dir/F_/Pico/pico-sdk/src/rp2_common/hardware_pll/pll.c.obj
LOAD CMakeFiles/main.dir/F_/Pico/pico-sdk/src/rp2_common/hardware_vreg/vreg.c.obj
LOAD CMakeFiles/main.dir/F_/Pico/pico-sdk/src/rp2_common/hardware_irq/irq.c.obj
LOAD CMakeFiles/main.dir/F_/Pico/pico-sdk/src/rp2_common/hardware_irq/irq_handler_chain.S.obj
LOAD CMakeFiles/main.dir/F_/Pico/pico-sdk/src/rp2_common/pico_printf/printf.c.obj
LOAD CMakeFiles/main.dir/F_/Pico/pico-sdk/src/rp2_common/pico_bit_ops/bit_ops_aeabi.S.obj
LOAD CMakeFiles/main.dir/F_/Pico/pico-sdk/src/rp2_common/pico_bootrom/bootrom.c.obj
LOAD CMakeFiles/main.dir/F_/Pico/pico-sdk/src/rp2_common/pico_divider/divider.S.obj
LOAD CMakeFiles/main.dir/F_/Pico/pico-sdk/src/rp2_common/pico_double/double_aeabi.S.obj
LOAD CMakeFiles/main.dir/F_/Pico/pico-sdk/src/rp2_common/pico_double/double_init_rom.c.obj
LOAD CMakeFiles/main.dir/F_/Pico/pico-sdk/src/rp2_common/pico_double/double_math.c.obj
LOAD CMakeFiles/main.dir/F_/Pico/pico-sdk/src/rp2_common/pico_double/double_v1_rom_shim.S.obj
LOAD CMakeFiles/main.dir/F_/Pico/pico-sdk/src/rp2_common/pico_int64_ops/pico_int64_ops_aeabi.S.obj
LOAD CMakeFiles/main.dir/F_/Pico/pico-sdk/src/rp2_common/pico_float/float_aeabi.S.obj
LOAD CMakeFiles/main.dir/F_/Pico/pico-sdk/src/rp2_common/pico_float/float_init_rom.c.obj
LOAD CMakeFiles/main.dir/F_/Pico/pico-sdk/src/rp2_common/pico_float/float_math.c.obj
LOAD CMakeFiles/main.dir/F_/Pico/pico-sdk/src/rp2_common/pico_float/float_v1_rom_shim.S.obj
LOAD CMakeFiles/main.dir/F_/Pico/pico-sdk/src/rp2_common/pico_malloc/pico_malloc.c.obj
LOAD CMakeFiles/main.dir/F_/Pico/pico-sdk/src/rp2_common/pico_mem_ops/mem_ops_aeabi.S.obj
LOAD CMakeFiles/main.dir/F_/Pico/pico-sdk/src/rp2_common/pico_standard_link/crt0.S.obj
LOAD CMakeFiles/main.dir/F_/Pico/pico-sdk/src/rp2_common/pico_standard_link/new_delete.cpp.obj
LOAD CMakeFiles/main.dir/F_/Pico/pico-sdk/src/rp2_common/pico_standard_link/binary_info.c.obj
LOAD CMakeFiles/main.dir/F_/Pico/pico-sdk/src/rp2_common/pico_stdio/stdio.c.obj
LOAD CMakeFiles/main.dir/F_/Pico/pico-sdk/src/rp2_common/pico_stdio_uart/stdio_uart.c.obj
LOAD CMakeFiles/main.dir/F_/Pico/pico-sdk/src/rp2_common/pico_stdio_usb/reset_interface.c.obj
LOAD CMakeFiles/main.dir/F_/Pico/pico-sdk/src/rp2_common/pico_stdio_usb/stdio_usb.c.obj
LOAD CMakeFiles/main.dir/F_/Pico/pico-sdk/src/rp2_common/pico_stdio_usb/stdio_usb_descriptors.c.obj
LOAD CMakeFiles/main.dir/F_/Pico/pico-sdk/lib/tinyusb/src/portable/raspberrypi/rp2040/dcd_rp2040.c.obj
LOAD CMakeFiles/main.dir/F_/Pico/pico-sdk/lib/tinyusb/src/portable/raspberrypi/rp2040/rp2040_usb.c.obj
LOAD CMakeFiles/main.dir/F_/Pico/pico-sdk/lib/tinyusb/src/device/usbd.c.obj
LOAD CMakeFiles/main.dir/F_/Pico/pico-sdk/lib/tinyusb/src/device/usbd_control.c.obj
LOAD CMakeFiles/main.dir/F_/Pico/pico-sdk/lib/tinyusb/src/class/audio/audio_device.c.obj
LOAD CMakeFiles/main.dir/F_/Pico/pico-sdk/lib/tinyusb/src/class/cdc/cdc_device.c.obj
LOAD CMakeFiles/main.dir/F_/Pico/pico-sdk/lib/tinyusb/src/class/dfu/dfu_rt_device.c.obj
LOAD CMakeFiles/main.dir/F_/Pico/pico-sdk/lib/tinyusb/src/class/hid/hid_device.c.obj
LOAD CMakeFiles/main.dir/F_/Pico/pico-sdk/lib/tinyusb/src/class/midi/midi_device.c.obj
LOAD CMakeFiles/main.dir/F_/Pico/pico-sdk/lib/tinyusb/src/class/msc/msc_device.c.obj
LOAD CMakeFiles/main.dir/F_/Pico/pico-sdk/lib/tinyusb/src/class/net/net_device.c.obj
LOAD CMakeFiles/main.dir/F_/Pico/pico-sdk/lib/tinyusb/src/class/usbtmc/usbtmc_device.c.obj
LOAD CMakeFiles/main.dir/F_/Pico/pico-sdk/lib/tinyusb/src/class/vendor/vendor_device.c.obj
LOAD CMakeFiles/main.dir/F_/Pico/pico-sdk/lib/tinyusb/src/tusb.c.obj
LOAD CMakeFiles/main.dir/F_/Pico/pico-sdk/lib/tinyusb/src/common/tusb_fifo.c.obj
LOAD CMakeFiles/main.dir/F_/Pico/pico-sdk/src/rp2_common/pico_fix/rp2040_usb_device_enumeration/rp2040_usb_device_enumeration.c.obj
LOAD CMakeFiles/main.dir/F_/Pico/pico-sdk/src/rp2_common/hardware_spi/spi.c.obj
LOAD CMakeFiles/main.dir/F_/Pico/pico-sdk/src/rp2_common/hardware_i2c/i2c.c.obj
LOAD CMakeFiles/main.dir/F_/Pico/pico-sdk/src/rp2_common/hardware_adc/adc.c.obj
LOAD examples\libexamples.a
LOAD lib\LCD\libLCD.a
LOAD lib\OLED\libOLED.a
LOAD lib\Infrared\libInfrared.a
LOAD lib\Icm20948\libIcm20948.a
LOAD lib\GUI\libGUI.a
LOAD lib\Fonts\libFonts.a
LOAD lib\Config\libConfig.a
LOAD C:\Users\HUANGS~1\AppData\Local\Temp\ccV9Q7jj.o
LOAD f:/program files (x86)/gnu tools arm embedded/9 2019-q4-major/bin/../lib/gcc/arm-none-eabi/9.2.1/../../../../arm-none-eabi/lib/thumb/v6-m/nofp\libstdc++.a
LOAD f:/program files (x86)/gnu tools arm embedded/9 2019-q4-major/bin/../lib/gcc/arm-none-eabi/9.2.1/../../../../arm-none-eabi/lib/thumb/v6-m/nofp\libm.a
START GROUP
LOAD f:/program files (x86)/gnu tools arm embedded/9 2019-q4-major/bin/../lib/gcc/arm-none-eabi/9.2.1/thumb/v6-m/nofp\libgcc.a
LOAD f:/program files (x86)/gnu tools arm embedded/9 2019-q4-major/bin/../lib/gcc/arm-none-eabi/9.2.1/../../../../arm-none-eabi/lib/thumb/v6-m/nofp\libc.a
END GROUP
START GROUP
LOAD f:/program files (x86)/gnu tools arm embedded/9 2019-q4-major/bin/../lib/gcc/arm-none-eabi/9.2.1/thumb/v6-m/nofp\libgcc.a
LOAD f:/program files (x86)/gnu tools arm embedded/9 2019-q4-major/bin/../lib/gcc/arm-none-eabi/9.2.1/../../../../arm-none-eabi/lib/thumb/v6-m/nofp\libc.a
LOAD f:/program files (x86)/gnu tools arm embedded/9 2019-q4-major/bin/../lib/gcc/arm-none-eabi/9.2.1/../../../../arm-none-eabi/lib/thumb/v6-m/nofp\libnosys.a
END GROUP
LOAD f:/program files (x86)/gnu tools arm embedded/9 2019-q4-major/bin/../lib/gcc/arm-none-eabi/9.2.1/thumb/v6-m/nofp/crtend.o
LOAD f:/program files (x86)/gnu tools arm embedded/9 2019-q4-major/bin/../lib/gcc/arm-none-eabi/9.2.1/thumb/v6-m/nofp/crtn.o
OUTPUT(main.elf elf32-littlearm)

.ARM.attributes
                0x00000000       0x28
 .ARM.attributes
                0x00000000       0x1e f:/program files (x86)/gnu tools arm embedded/9 2019-q4-major/bin/../lib/gcc/arm-none-eabi/9.2.1/thumb/v6-m/nofp/crti.o
 .ARM.attributes
                0x0000001e       0x2c f:/program files (x86)/gnu tools arm embedded/9 2019-q4-major/bin/../lib/gcc/arm-none-eabi/9.2.1/thumb/v6-m/nofp/crtbegin.o
 .ARM.attributes
                0x0000004a       0x2b CMakeFiles/main.dir/main.c.obj
 .ARM.attributes
                0x00000075       0x2b CMakeFiles/main.dir/F_/Pico/pico-sdk/src/rp2_common/hardware_gpio/gpio.c.obj
 .ARM.attributes
                0x000000a0       0x2b CMakeFiles/main.dir/F_/Pico/pico-sdk/src/rp2_common/hardware_claim/claim.c.obj
 .ARM.attributes
                0x000000cb       0x2b CMakeFiles/main.dir/F_/Pico/pico-sdk/src/rp2_common/hardware_sync/sync.c.obj
 .ARM.attributes
                0x000000f6       0x2b CMakeFiles/main.dir/F_/Pico/pico-sdk/src/rp2_common/pico_platform/platform.c.obj
 .ARM.attributes
                0x00000121       0x2b CMakeFiles/main.dir/F_/Pico/pico-sdk/src/rp2_common/hardware_uart/uart.c.obj
 .ARM.attributes
                0x0000014c       0x2b CMakeFiles/main.dir/F_/Pico/pico-sdk/src/common/pico_time/time.c.obj
 .ARM.attributes
                0x00000177       0x2b CMakeFiles/main.dir/F_/Pico/pico-sdk/src/rp2_common/hardware_timer/timer.c.obj
 .ARM.attributes
                0x000001a2       0x2b CMakeFiles/main.dir/F_/Pico/pico-sdk/src/common/pico_sync/lock_core.c.obj
 .ARM.attributes
                0x000001cd       0x2b CMakeFiles/main.dir/F_/Pico/pico-sdk/src/common/pico_sync/mutex.c.obj
 .ARM.attributes
                0x000001f8       0x2b CMakeFiles/main.dir/F_/Pico/pico-sdk/src/common/pico_sync/critical_section.c.obj
 .ARM.attributes
                0x00000223       0x2b CMakeFiles/main.dir/F_/Pico/pico-sdk/src/common/pico_util/pheap.c.obj
 .ARM.attributes
                0x0000024e       0x2b CMakeFiles/main.dir/F_/Pico/pico-sdk/src/rp2_common/pico_runtime/runtime.c.obj
 .ARM.attributes
                0x00000279       0x2b CMakeFiles/main.dir/F_/Pico/pico-sdk/src/rp2_common/hardware_clocks/clocks.c.obj
 .ARM.attributes
                0x000002a4       0x2b CMakeFiles/main.dir/F_/Pico/pico-sdk/src/rp2_common/hardware_watchdog/watchdog.c.obj
 .ARM.attributes
                0x000002cf       0x2b CMakeFiles/main.dir/F_/Pico/pico-sdk/src/rp2_common/hardware_xosc/xosc.c.obj
 .ARM.attributes
                0x000002fa       0x2b CMakeFiles/main.dir/F_/Pico/pico-sdk/src/rp2_common/hardware_pll/pll.c.obj
 .ARM.attributes
                0x00000325       0x2b CMakeFiles/main.dir/F_/Pico/pico-sdk/src/rp2_common/hardware_irq/irq.c.obj
 .ARM.attributes
                0x00000350       0x22 CMakeFiles/main.dir/F_/Pico/pico-sdk/src/rp2_common/hardware_irq/irq_handler_chain.S.obj
 .ARM.attributes
                0x00000372       0x2b CMakeFiles/main.dir/F_/Pico/pico-sdk/src/rp2_common/pico_printf/printf.c.obj
 .ARM.attributes
                0x0000039d       0x22 CMakeFiles/main.dir/F_/Pico/pico-sdk/src/rp2_common/pico_bit_ops/bit_ops_aeabi.S.obj
 .ARM.attributes
                0x000003bf       0x2b CMakeFiles/main.dir/F_/Pico/pico-sdk/src/rp2_common/pico_bootrom/bootrom.c.obj
 .ARM.attributes
                0x000003ea       0x22 CMakeFiles/main.dir/F_/Pico/pico-sdk/src/rp2_common/pico_divider/divider.S.obj
 .ARM.attributes
                0x0000040c       0x22 CMakeFiles/main.dir/F_/Pico/pico-sdk/src/rp2_common/pico_double/double_aeabi.S.obj
 .ARM.attributes
                0x0000042e       0x2b CMakeFiles/main.dir/F_/Pico/pico-sdk/src/rp2_common/pico_double/double_init_rom.c.obj
 .ARM.attributes
                0x00000459       0x22 CMakeFiles/main.dir/F_/Pico/pico-sdk/src/rp2_common/pico_double/double_v1_rom_shim.S.obj
 .ARM.attributes
                0x0000047b       0x22 CMakeFiles/main.dir/F_/Pico/pico-sdk/src/rp2_common/pico_int64_ops/pico_int64_ops_aeabi.S.obj
 .ARM.attributes
                0x0000049d       0x22 CMakeFiles/main.dir/F_/Pico/pico-sdk/src/rp2_common/pico_float/float_aeabi.S.obj
 .ARM.attributes
                0x000004bf       0x2b CMakeFiles/main.dir/F_/Pico/pico-sdk/src/rp2_common/pico_float/float_init_rom.c.obj
 .ARM.attributes
                0x000004ea       0x22 CMakeFiles/main.dir/F_/Pico/pico-sdk/src/rp2_common/pico_float/float_v1_rom_shim.S.obj
 .ARM.attributes
                0x0000050c       0x2b CMakeFiles/main.dir/F_/Pico/pico-sdk/src/rp2_common/pico_malloc/pico_malloc.c.obj
 .ARM.attributes